MidiFile(type=1, ticks_per_beat=480, tracks=[
  MidiTrack([
    MetaMessage('set_tempo', tempo=500000, time=0),
    MetaMessage('time_signature', numerator=4, denominator=4, clocks_per_click=24, notated_32nd_notes_per_beat=8, time=0)]),
  MidiTrack([
    MetaMessage('track_name', name='bass', time=0),
    Message('program_change', channel=0, program=32, time=0),
    Message('note_on', channel=0, note=26, velocity=100, time=0),
    Message('note_on', channel=0, note=38, velocity=104, time=0),
    Message('note_on', channel=0, note=26, velocity=0, time=60),
    Message('note_on', channel=0, note=38, velocity=0, time=0),
    Message('note_on', channel=0, note=26, velocity=96, time=60),
    Message('note_on', channel=0, note=38, velocity=96, time=0),
    Message('note_on', channel=0, note=26, velocity=0, time=120),
    Message('note_on', channel=0, note=38, velocity=0, time=0),
    Message('note_on', channel=0, note=26, velocity=100, time=0),
    Message('note_on', channel=0, note=38, velocity=124, time=0),
    Message('note_on', channel=0, note=26, velocity=0, time=60),
    Message('note_on', channel=0, note=38, velocity=0, time=0),
    Message('note_on', channel=0, note=26, velocity=100, time=60),
    Message('note_on', channel=0, note=38, velocity=124, time=0),
    Message('note_on', channel=0, note=26, velocity=0, time=60),
    Message('note_on', channel=0, note=38, velocity=0, time=0),
    Message('note_on', channel=0, note=27, velocity=100, time=60),
    Message('note_on', channel=0, note=39, velocity=124, time=0),
    Message('note_on', channel=0, note=27, velocity=0, time=60),
    Message('note_on', channel=0, note=39, velocity=0, time=0),
    Message('note_on', channel=0, note=27, velocity=108, time=60),
    Message('note_on', channel=0, note=39, velocity=108, time=0),
    Message('note_on', channel=0, note=27, velocity=0, time=60),
    Message('note_on', channel=0, note=39, velocity=0, time=0),
    Message('note_on', channel=0, note=27, velocity=100, time=60),
    Message('note_on', channel=0, note=39, velocity=60, time=0),
    Message('note_on', channel=0, note=27, velocity=0, time=60),
    Message('note_on', channel=0, note=39, velocity=0, time=0),
    Message('note_on', channel=0, note=27, velocity=100, time=60),
    Message('note_on', channel=0, note=27, velocity=0, time=60)])
])
MidiFile(type=1, ticks_per_beat=480, tracks=[
  MidiTrack([
    MetaMessage('set_tempo', tempo=500000, time=0),
    MetaMessage('time_signature', numerator=4, denominator=4, clocks_per_click=24, notated_32nd_notes_per_beat=8, time=0)]),
  MidiTrack([
    MetaMessage('track_name', name='bass', time=0),
    Message('program_change', channel=0, program=32, time=0),
    Message('note_on', channel=0, note=29, velocity=100, time=0),
    Message('note_on', channel=0, note=53, velocity=96, time=0),
    Message('note_on', channel=0, note=29, velocity=0, time=60),
    Message('note_on', channel=0, note=53, velocity=0, time=60),
    Message('note_on', channel=0, note=30, velocity=100, time=0),
    Message('note_on', channel=0, note=54, velocity=56, time=0),
    Message('note_on', channel=0, note=30, velocity=0, time=60),
    Message('note_on', channel=0, note=54, velocity=0, time=0),
    Message('note_on', channel=0, note=30, velocity=100, time=60),
    Message('note_on', channel=0, note=54, velocity=96, time=0),
    Message('note_on', channel=0, note=30, velocity=0, time=60),
    Message('note_on', channel=0, note=54, velocity=0, time=0),
    Message('note_on', channel=0, note=30, velocity=100, time=60),
    Message('note_on', channel=0, note=54, velocity=92, time=0),
    Message('note_on', channel=0, note=30, velocity=0, time=60),
    Message('note_on', channel=0, note=54, velocity=0, time=0),
    Message('note_on', channel=0, note=30, velocity=100, time=60),
    Message('note_on', channel=0, note=54, velocity=96, time=0),
    Message('note_on', channel=0, note=30, velocity=0, time=60),
    Message('note_on', channel=0, note=54, velocity=0, time=0),
    Message('note_on', channel=0, note=30, velocity=108, time=60),
    Message('note_on', channel=0, note=54, velocity=92, time=0),
    Message('note_on', channel=0, note=30, velocity=0, time=60),
    Message('note_on', channel=0, note=54, velocity=0, time=0),
    Message('note_on', channel=0, note=30, velocity=100, time=60),
    Message('note_on', channel=0, note=54, velocity=72, time=0),
    Message('note_on', channel=0, note=30, velocity=0, time=60),
    Message('note_on', channel=0, note=54, velocity=0, time=60),
    Message('note_on', channel=0, note=30, velocity=100, time=0),
    Message('note_on', channel=0, note=30, velocity=0, time=60)])
])
MidiFile(type=1, ticks_per_beat=480, tracks=[
  MidiTrack([
    MetaMessage('set_tempo', tempo=500000, time=0),
    MetaMessage('time_signature', numerator=4, denominator=4, clocks_per_click=24, notated_32nd_notes_per_beat=8, time=0)]),
  MidiTrack([
    MetaMessage('track_name', name='bass', time=0),
    Message('program_change', channel=0, program=32, time=0),
    Message('note_on', channel=0, note=41, velocity=112, time=0),
    Message('note_on', channel=0, note=41, velocity=0, time=480),
    Message('note_on', channel=0, note=36, velocity=100, time=0),
    Message('note_on', channel=0, note=36, velocity=0, time=360),
    Message('note_on', channel=0, note=35, velocity=100, time=0),
    Message('note_on', channel=0, note=35, velocity=0, time=120),
    Message('note_on', channel=0, note=36, velocity=104, time=0),
    Message('note_on', channel=0, note=38, velocity=100, time=0),
    Message('note_on', channel=0, note=38, velocity=0, time=60),
    Message('note_on', channel=0, note=39, velocity=108, time=420),
    Message('note_on', channel=0, note=34, velocity=96, time=240),
    Message('note_on', channel=0, note=36, velocity=92, time=0),
    Message('note_on', channel=0, note=36, velocity=0, time=240),
    Message('note_on', channel=0, note=39, velocity=0, time=0),
    Message('note_on', channel=0, note=36, velocity=0, time=0),
    Message('note_on', channel=0, note=34, velocity=0, time=240)])
])
MidiFile(type=1, ticks_per_beat=480, tracks=[
  MidiTrack([
    MetaMessage('set_tempo', tempo=500000, time=0),
    MetaMessage('time_signature', numerator=4, denominator=4, clocks_per_click=24, notated_32nd_notes_per_beat=8, time=0)]),
  MidiTrack([
    MetaMessage('track_name', name='bass', time=0),
    Message('program_change', channel=0, program=32, time=0),
    Message('note_on', channel=0, note=41, velocity=96, time=0),
    Message('note_on', channel=0, note=41, velocity=0, time=240),
    Message('note_on', channel=0, note=53, velocity=100, time=0),
    Message('note_on', channel=0, note=53, velocity=0, time=240),
    Message('note_on', channel=0, note=51, velocity=104, time=0),
    Message('note_on', channel=0, note=51, velocity=0, time=240),
    Message('note_on', channel=0, note=51, velocity=100, time=0),
    Message('note_on', channel=0, note=51, velocity=0, time=240),
    Message('note_on', channel=0, note=48, velocity=100, time=0),
    Message('note_on', channel=0, note=48, velocity=0, time=240),
    Message('note_on', channel=0, note=51, velocity=104, time=0),
    Message('note_on', channel=0, note=51, velocity=0, time=240),
    Message('note_on', channel=0, note=47, velocity=92, time=0),
    Message('note_on', channel=0, note=47, velocity=0, time=240),
    Message('note_on', channel=0, note=44, velocity=104, time=0),
    Message('note_on', channel=0, note=50, velocity=100, time=120),
    Message('note_on', channel=0, note=44, velocity=0, time=120),
    Message('note_on', channel=0, note=50, velocity=0, time=60)])
])
MidiFile(type=1, ticks_per_beat=480, tracks=[
  MidiTrack([
    MetaMessage('set_tempo', tempo=500000, time=0),
    MetaMessage('time_signature', numerator=4, denominator=4, clocks_per_click=24, notated_32nd_notes_per_beat=8, time=0)]),
  MidiTrack([
    MetaMessage('track_name', name='bass', time=0),
    Message('program_change', channel=0, program=32, time=0),
    Message('note_on', channel=0, note=33, velocity=100, time=0),
    Message('note_on', channel=0, note=33, velocity=0, time=180),
    Message('note_on', channel=0, note=33, velocity=100, time=60),
    Message('note_on', channel=0, note=33, velocity=0, time=180),
    Message('note_on', channel=0, note=33, velocity=100, time=60),
    Message('note_on', channel=0, note=33, velocity=0, time=240),
    Message('note_on', channel=0, note=33, velocity=100, time=0),
    Message('note_on', channel=0, note=33, velocity=0, time=240),
    Message('note_on', channel=0, note=38, velocity=100, time=0),
    Message('note_on', channel=0, note=38, velocity=0, time=240),
    Message('note_on', channel=0, note=39, velocity=100, time=0),
    Message('note_on', channel=0, note=39, velocity=0, time=240),
    Message('note_on', channel=0, note=40, velocity=100, time=0),
    Message('note_on', channel=0, note=40, velocity=0, time=240),
    Message('note_on', channel=0, note=42, velocity=100, time=0),
    Message('note_on', channel=0, note=42, velocity=80, time=0),
    Message('note_on', channel=0, note=42, velocity=0, time=180),
    Message('note_on', channel=0, note=42, velocity=0, time=60)])
])
MidiFile(type=1, ticks_per_beat=480, tracks=[
  MidiTrack([
    MetaMessage('set_tempo', tempo=500000, time=0),
    MetaMessage('time_signature', numerator=4, denominator=4, clocks_per_click=24, notated_32nd_notes_per_beat=8, time=0)]),
  MidiTrack([
    MetaMessage('track_name', name='bass', time=0),
    Message('program_change', channel=0, program=32, time=0),
    Message('note_on', channel=0, note=29, velocity=108, time=0),
    Message('note_on', channel=0, note=29, velocity=0, time=60),
    Message('note_on', channel=0, note=29, velocity=100, time=180),
    Message('note_on', channel=0, note=29, velocity=0, time=60),
    Message('note_on', channel=0, note=29, velocity=84, time=60),
    Message('note_on', channel=0, note=29, velocity=0, time=120),
    Message('note_on', channel=0, note=41, velocity=104, time=0),
    Message('note_on', channel=0, note=41, velocity=0, time=60),
    Message('note_on', channel=0, note=41, velocity=80, time=60),
    Message('note_on', channel=0, note=41, velocity=0, time=60),
    Message('note_on', channel=0, note=29, velocity=100, time=60),
    Message('note_on', channel=0, note=29, velocity=0, time=120),
    Message('note_on', channel=0, note=41, velocity=84, time=0),
    Message('note_on', channel=0, note=41, velocity=0, time=60),
    Message('note_on', channel=0, note=41, velocity=100, time=60),
    Message('note_on', channel=0, note=41, velocity=0, time=120),
    Message('note_on', channel=0, note=33, velocity=100, time=0),
    Message('note_on', channel=0, note=33, velocity=0, time=120),
    Message('note_on', channel=0, note=34, velocity=100, time=0),
    Message('note_on', channel=0, note=34, velocity=0, time=60),
    Message('note_on', channel=0, note=35, velocity=100, time=60),
    Message('note_on', channel=0, note=35, velocity=0, time=120),
    Message('note_on', channel=0, note=36, velocity=104, time=0),
    Message('note_on', channel=0, note=36, velocity=0, time=120),
    Message('note_on', channel=0, note=38, velocity=100, time=0),
    Message('note_on', channel=0, note=38, velocity=0, time=120),
    Message('note_on', channel=0, note=40, velocity=104, time=0),
    Message('note_on', channel=0, note=40, velocity=0, time=120),
    Message('note_on', channel=0, note=41, velocity=88, time=0),
    Message('note_on', channel=0, note=41, velocity=0, time=120)])
])
MidiFile(type=1, ticks_per_beat=480, tracks=[
  MidiTrack([
    MetaMessage('set_tempo', tempo=500000, time=0),
    MetaMessage('time_signature', numerator=4, denominator=4, clocks_per_click=24, notated_32nd_notes_per_beat=8, time=0)]),
  MidiTrack([
    MetaMessage('track_name', name='bass', time=0),
    Message('program_change', channel=0, program=32, time=0),
    Message('note_on', channel=0, note=38, velocity=100, time=0),
    Message('note_on', channel=0, note=38, velocity=104, time=0),
    Message('note_on', channel=0, note=38, velocity=0, time=60),
    Message('note_on', channel=0, note=38, velocity=0, time=0),
    Message('note_on', channel=0, note=38, velocity=88, time=60),
    Message('note_on', channel=0, note=38, velocity=0, time=60),
    Message('note_on', channel=0, note=38, velocity=96, time=60),
    Message('note_on', channel=0, note=38, velocity=0, time=60),
    Message('note_on', channel=0, note=38, velocity=80, time=60),
    Message('note_on', channel=0, note=38, velocity=0, time=60),
    Message('note_on', channel=0, note=38, velocity=100, time=60),
    Message('note_on', channel=0, note=38, velocity=104, time=0),
    Message('note_on', channel=0, note=38, velocity=0, time=60),
    Message('note_on', channel=0, note=38, velocity=0, time=0),
    Message('note_on', channel=0, note=38, velocity=80, time=60),
    Message('note_on', channel=0, note=38, velocity=0, time=60),
    Message('note_on', channel=0, note=38, velocity=88, time=60),
    Message('note_on', channel=0, note=38, velocity=0, time=60),
    Message('note_on', channel=0, note=38, velocity=100, time=60),
    Message('note_on', channel=0, note=38, velocity=0, time=60),
    Message('note_on', channel=0, note=38, velocity=100, time=60),
    Message('note_on', channel=0, note=38, velocity=96, time=0),
    Message('note_on', channel=0, note=38, velocity=0, time=60),
    Message('note_on', channel=0, note=38, velocity=0, time=0),
    Message('note_on', channel=0, note=38, velocity=84, time=60),
    Message('note_on', channel=0, note=38, velocity=0, time=60),
    Message('note_on', channel=0, note=38, velocity=84, time=60),
    Message('note_on', channel=0, note=38, velocity=0, time=60),
    Message('note_on', channel=0, note=38, velocity=84, time=60),
    Message('note_on', channel=0, note=38, velocity=0, time=60)])
])
MidiFile(type=1, ticks_per_beat=480, tracks=[
  MidiTrack([
    MetaMessage('set_tempo', tempo=500000, time=0),
    MetaMessage('time_signature', numerator=4, denominator=4, clocks_per_click=24, notated_32nd_notes_per_beat=8, time=0)]),
  MidiTrack([
    MetaMessage('track_name', name='bass', time=0),
    Message('program_change', channel=0, program=32, time=0),
    Message('note_on', channel=0, note=38, velocity=112, time=0),
    Message('note_on', channel=0, note=38, velocity=0, time=240),
    Message('note_on', channel=0, note=38, velocity=80, time=0),
    Message('note_on', channel=0, note=38, velocity=0, time=180),
    Message('note_on', channel=0, note=38, velocity=112, time=60),
    Message('note_on', channel=0, note=38, velocity=0, time=240),
    Message('note_on', channel=0, note=38, velocity=92, time=0),
    Message('note_on', channel=0, note=38, velocity=0, time=240),
    Message('note_on', channel=0, note=38, velocity=108, time=0),
    Message('note_on', channel=0, note=38, velocity=0, time=240),
    Message('note_on', channel=0, note=38, velocity=92, time=0),
    Message('note_on', channel=0, note=38, velocity=0, time=240),
    Message('note_on', channel=0, note=38, velocity=104, time=0),
    Message('note_on', channel=0, note=38, velocity=0, time=240),
    Message('note_on', channel=0, note=38, velocity=100, time=0),
    Message('note_on', channel=0, note=38, velocity=96, time=120),
    Message('note_on', channel=0, note=38, velocity=0, time=60),
    Message('note_on', channel=0, note=38, velocity=0, time=60)])
])
MidiFile(type=1, ticks_per_beat=480, tracks=[
  MidiTrack([
    MetaMessage('set_tempo', tempo=500000, time=0),
    MetaMessage('time_signature', numerator=4, denominator=4, clocks_per_click=24, notated_32nd_notes_per_beat=8, time=0)]),
  MidiTrack([
    MetaMessage('track_name', name='bass', time=0),
    Message('program_change', channel=0, program=32, time=0),
    Message('note_on', channel=0, note=39, velocity=100, time=0),
    Message('note_on', channel=0, note=39, velocity=0, time=240),
    Message('note_on', channel=0, note=39, velocity=100, time=240),
    Message('note_on', channel=0, note=39, velocity=0, time=240),
    Message('note_on', channel=0, note=39, velocity=100, time=240),
    Message('note_on', channel=0, note=39, velocity=0, time=240),
    Message('note_on', channel=0, note=39, velocity=100, time=240),
    Message('note_on', channel=0, note=39, velocity=0, time=240),
    Message('note_on', channel=0, note=38, velocity=88, time=0),
    Message('note_on', channel=0, note=38, velocity=0, time=240)])
])
MidiFile(type=1, ticks_per_beat=480, tracks=[
  MidiTrack([
    MetaMessage('set_tempo', tempo=500000, time=0),
    MetaMessage('time_signature', numerator=4, denominator=4, clocks_per_click=24, notated_32nd_notes_per_beat=8, time=0)]),
  MidiTrack([
    MetaMessage('track_name', name='bass', time=0),
    Message('program_change', channel=0, program=32, time=0),
    Message('note_on', channel=0, note=34, velocity=108, time=0),
    Message('note_on', channel=0, note=34, velocity=0, time=240),
    Message('note_on', channel=0, note=34, velocity=96, time=0),
    Message('note_on', channel=0, note=34, velocity=0, time=180),
    Message('note_on', channel=0, note=34, velocity=92, time=60),
    Message('note_on', channel=0, note=34, velocity=0, time=240),
    Message('note_on', channel=0, note=34, velocity=100, time=0),
    Message('note_on', channel=0, note=34, velocity=0, time=240),
    Message('note_on', channel=0, note=34, velocity=100, time=0),
    Message('note_on', channel=0, note=34, velocity=0, time=240),
    Message('note_on', channel=0, note=34, velocity=96, time=0),
    Message('note_on', channel=0, note=34, velocity=0, time=180),
    Message('note_on', channel=0, note=34, velocity=104, time=60),
    Message('note_on', channel=0, note=34, velocity=0, time=240),
    Message('note_on', channel=0, note=34, velocity=92, time=0),
    Message('note_on', channel=0, note=34, velocity=0, time=240)])
])
MidiFile(type=1, ticks_per_beat=480, tracks=[
  MidiTrack([
    MetaMessage('set_tempo', tempo=500000, time=0),
    MetaMessage('time_signature', numerator=4, denominator=4, clocks_per_click=24, notated_32nd_notes_per_beat=8, time=0)]),
  MidiTrack([
    MetaMessage('track_name', name='bass', time=0),
    Message('program_change', channel=0, program=32, time=0),
    Message('note_on', channel=0, note=29, velocity=104, time=0),
    Message('note_on', channel=0, note=29, velocity=0, time=120),
    Message('note_on', channel=0, note=29, velocity=96, time=120),
    Message('note_on', channel=0, note=29, velocity=0, time=120),
    Message('note_on', channel=0, note=29, velocity=92, time=120),
    Message('note_on', channel=0, note=29, velocity=0, time=120),
    Message('note_on', channel=0, note=31, velocity=80, time=0),
    Message('note_on', channel=0, note=31, velocity=0, time=60),
    Message('note_on', channel=0, note=33, velocity=92, time=60),
    Message('note_on', channel=0, note=33, velocity=0, time=120),
    Message('note_on', channel=0, note=36, velocity=92, time=0),
    Message('note_on', channel=0, note=36, velocity=0, time=120),
    Message('note_on', channel=0, note=38, velocity=100, time=0),
    Message('note_on', channel=0, note=38, velocity=0, time=120),
    Message('note_on', channel=0, note=38, velocity=100, time=0),
    Message('note_on', channel=0, note=38, velocity=0, time=120),
    Message('note_on', channel=0, note=40, velocity=88, time=0),
    Message('note_on', channel=0, note=40, velocity=0, time=120),
    Message('note_on', channel=0, note=41, velocity=88, time=0),
    Message('note_on', channel=0, note=41, velocity=0, time=120),
    Message('note_on', channel=0, note=43, velocity=92, time=0),
    Message('note_on', channel=0, note=43, velocity=0, time=120),
    Message('note_on', channel=0, note=45, velocity=88, time=0),
    Message('note_on', channel=0, note=45, velocity=0, time=120),
    Message('note_on', channel=0, note=48, velocity=92, time=0),
    Message('note_on', channel=0, note=48, velocity=0, time=120),
    Message('note_on', channel=0, note=49, velocity=92, time=0),
    Message('note_on', channel=0, note=49, velocity=0, time=120)])
])
MidiFile(type=1, ticks_per_beat=480, tracks=[
  MidiTrack([
    MetaMessage('set_tempo', tempo=500000, time=0),
    MetaMessage('time_signature', numerator=4, denominator=4, clocks_per_click=24, notated_32nd_notes_per_beat=8, time=0)]),
  MidiTrack([
    MetaMessage('track_name', name='bass', time=0),
    Message('program_change', channel=0, program=32, time=0),
    Message('note_on', channel=0, note=29, velocity=92, time=0),
    Message('note_on', channel=0, note=29, velocity=0, time=120),
    Message('note_on', channel=0, note=29, velocity=96, time=120),
    Message('note_on', channel=0, note=29, velocity=0, time=120),
    Message('note_on', channel=0, note=29, velocity=100, time=120),
    Message('note_on', channel=0, note=29, velocity=0, time=120),
    Message('note_on', channel=0, note=29, velocity=92, time=120),
    Message('note_on', channel=0, note=29, velocity=0, time=120),
    Message('note_on', channel=0, note=29, velocity=104, time=120),
    Message('note_on', channel=0, note=29, velocity=0, time=120),
    Message('note_on', channel=0, note=29, velocity=92, time=120),
    Message('note_on', channel=0, note=29, velocity=0, time=120),
    Message('note_on', channel=0, note=29, velocity=104, time=120),
    Message('note_on', channel=0, note=29, velocity=0, time=120),
    Message('note_on', channel=0, note=29, velocity=96, time=120),
    Message('note_on', channel=0, note=29, velocity=0, time=120)])
])
MidiFile(type=1, ticks_per_beat=480, tracks=[
  MidiTrack([
    MetaMessage('set_tempo', tempo=500000, time=0),
    MetaMessage('time_signature', numerator=4, denominator=4, clocks_per_click=24, notated_32nd_notes_per_beat=8, time=0)]),
  MidiTrack([
    MetaMessage('track_name', name='bass', time=0),
    Message('program_change', channel=0, program=32, time=0),
    Message('note_on', channel=0, note=29, velocity=80, time=0),
    Message('note_on', channel=0, note=29, velocity=0, time=180),
    Message('note_on', channel=0, note=29, velocity=80, time=60),
    Message('note_on', channel=0, note=29, velocity=0, time=180),
    Message('note_on', channel=0, note=29, velocity=80, time=60),
    Message('note_on', channel=0, note=29, velocity=0, time=180),
    Message('note_on', channel=0, note=29, velocity=84, time=60),
    Message('note_on', channel=0, note=29, velocity=0, time=180),
    Message('note_on', channel=0, note=29, velocity=92, time=60),
    Message('note_on', channel=0, note=29, velocity=0, time=180),
    Message('note_on', channel=0, note=29, velocity=92, time=60),
    Message('note_on', channel=0, note=29, velocity=0, time=180),
    Message('note_on', channel=0, note=29, velocity=92, time=60),
    Message('note_on', channel=0, note=29, velocity=0, time=180),
    Message('note_on', channel=0, note=29, velocity=92, time=60),
    Message('note_on', channel=0, note=80, velocity=80, time=120),
    Message('note_on', channel=0, note=29, velocity=0, time=60),
    Message('note_on', channel=0, note=80, velocity=0, time=180)])
])
MidiFile(type=1, ticks_per_beat=480, tracks=[
  MidiTrack([
    MetaMessage('set_tempo', tempo=500000, time=0),
    MetaMessage('time_signature', numerator=4, denominator=4, clocks_per_click=24, notated_32nd_notes_per_beat=8, time=0)]),
  MidiTrack([
    MetaMessage('track_name', name='bass', time=0),
    Message('program_change', channel=0, program=32, time=0),
    Message('note_on', channel=0, note=38, velocity=112, time=0),
    Message('note_on', channel=0, note=38, velocity=0, time=180),
    Message('note_on', channel=0, note=38, velocity=104, time=60),
    Message('note_on', channel=0, note=38, velocity=0, time=180),
    Message('note_on', channel=0, note=38, velocity=104, time=60),
    Message('note_on', channel=0, note=38, velocity=0, time=180),
    Message('note_on', channel=0, note=38, velocity=100, time=60),
    Message('note_on', channel=0, note=38, velocity=0, time=180),
    Message('note_on', channel=0, note=38, velocity=108, time=60),
    Message('note_on', channel=0, note=38, velocity=0, time=180),
    Message('note_on', channel=0, note=38, velocity=104, time=60),
    Message('note_on', channel=0, note=38, velocity=0, time=180),
    Message('note_on', channel=0, note=38, velocity=104, time=60),
    Message('note_on', channel=0, note=38, velocity=0, time=180),
    Message('note_on', channel=0, note=38, velocity=96, time=60),
    Message('note_on', channel=0, note=38, velocity=84, time=120),
    Message('note_on', channel=0, note=38, velocity=0, time=60),
    Message('note_on', channel=0, note=38, velocity=0, time=120)])
])
MidiFile(type=1, ticks_per_beat=480, tracks=[
  MidiTrack([
    MetaMessage('set_tempo', tempo=500000, time=0),
    MetaMessage('time_signature', numerator=4, denominator=4, clocks_per_click=24, notated_32nd_notes_per_beat=8, time=0)]),
  MidiTrack([
    MetaMessage('track_name', name='bass', time=0),
    Message('program_change', channel=0, program=32, time=0),
    Message('note_on', channel=0, note=38, velocity=104, time=0),
    Message('note_on', channel=0, note=38, velocity=0, time=240),
    Message('note_on', channel=0, note=38, velocity=96, time=0),
    Message('note_on', channel=0, note=38, velocity=0, time=240),
    Message('note_on', channel=0, note=38, velocity=100, time=0),
    Message('note_on', channel=0, note=38, velocity=0, time=240),
    Message('note_on', channel=0, note=38, velocity=92, time=0),
    Message('note_on', channel=0, note=38, velocity=0, time=240),
    Message('note_on', channel=0, note=38, velocity=100, time=0),
    Message('note_on', channel=0, note=38, velocity=0, time=240),
    Message('note_on', channel=0, note=38, velocity=92, time=0),
    Message('note_on', channel=0, note=38, velocity=0, time=240),
    Message('note_on', channel=0, note=38, velocity=96, time=0),
    Message('note_on', channel=0, note=38, velocity=0, time=240),
    Message('note_on', channel=0, note=38, velocity=100, time=0),
    Message('note_on', channel=0, note=38, velocity=100, time=0),
    Message('note_on', channel=0, note=38, velocity=0, time=240),
    Message('note_on', channel=0, note=38, velocity=0, time=0)])
])
MidiFile(type=1, ticks_per_beat=480, tracks=[
  MidiTrack([
    MetaMessage('set_tempo', tempo=500000, time=0),
    MetaMessage('time_signature', numerator=4, denominator=4, clocks_per_click=24, notated_32nd_notes_per_beat=8, time=0)]),
  MidiTrack([
    MetaMessage('track_name', name='bass', time=0),
    Message('program_change', channel=0, program=32, time=0),
    Message('note_on', channel=0, note=38, velocity=108, time=0),
    Message('note_on', channel=0, note=38, velocity=104, time=480),
    Message('note_on', channel=0, note=80, velocity=108, time=0),
    Message('note_on', channel=0, note=38, velocity=0, time=60),
    Message('note_on', channel=0, note=80, velocity=0, time=60),
    Message('note_on', channel=0, note=38, velocity=112, time=120),
    Message('note_on', channel=0, note=38, velocity=108, time=120),
    Message('note_on', channel=0, note=38, velocity=0, time=60),
    Message('note_on', channel=0, note=38, velocity=0, time=60),
    Message('note_on', channel=0, note=38, velocity=104, time=0),
    Message('note_on', channel=0, note=38, velocity=0, time=60),
    Message('note_on', channel=0, note=38, velocity=108, time=180),
    Message('note_on', channel=0, note=38, velocity=0, time=180),
    Message('note_on', channel=0, note=38, velocity=104, time=60),
    Message('note_on', channel=0, note=38, velocity=0, time=180),
    Message('note_on', channel=0, note=38, velocity=104, time=60),
    Message('note_on', channel=0, note=38, velocity=104, time=120),
    Message('note_on', channel=0, note=38, velocity=0, time=60),
    Message('note_on', channel=0, note=38, velocity=0, time=60),
    Message('note_on', channel=0, note=38, velocity=0, time=60)])
])
MidiFile(type=1, ticks_per_beat=480, tracks=[
  MidiTrack([
    MetaMessage('set_tempo', tempo=500000, time=0),
    MetaMessage('time_signature', numerator=4, denominator=4, clocks_per_click=24, notated_32nd_notes_per_beat=8, time=0)]),
  MidiTrack([
    MetaMessage('track_name', name='bass', time=0),
    Message('program_change', channel=0, program=32, time=0),
    Message('note_on', channel=0, note=39, velocity=108, time=0),
    Message('note_on', channel=0, note=51, velocity=92, time=0),
    Message('note_on', channel=0, note=63, velocity=92, time=0),
    Message('note_on', channel=0, note=39, velocity=0, time=60),
    Message('note_on', channel=0, note=51, velocity=0, time=0),
    Message('note_on', channel=0, note=63, velocity=88, time=60),
    Message('note_on', channel=0, note=63, velocity=92, time=0),
    Message('note_on', channel=0, note=63, velocity=0, time=60),
    Message('note_on', channel=0, note=63, velocity=0, time=0),
    Message('note_on', channel=0, note=63, velocity=0, time=0),
    Message('note_on', channel=0, note=39, velocity=100, time=60),
    Message('note_on', channel=0, note=55, velocity=88, time=0),
    Message('note_on', channel=0, note=62, velocity=92, time=0),
    Message('note_on', channel=0, note=39, velocity=0, time=60),
    Message('note_on', channel=0, note=55, velocity=0, time=0),
    Message('note_on', channel=0, note=62, velocity=0, time=60),
    Message('note_on', channel=0, note=39, velocity=108, time=0),
    Message('note_on', channel=0, note=51, velocity=108, time=0),
    Message('note_on', channel=0, note=63, velocity=44, time=0),
    Message('note_on', channel=0, note=39, velocity=0, time=60),
    Message('note_on', channel=0, note=51, velocity=0, time=0),
    Message('note_on', channel=0, note=63, velocity=0, time=0),
    Message('note_on', channel=0, note=39, velocity=108, time=60),
    Message('note_on', channel=0, note=51, velocity=108, time=0),
    Message('note_on', channel=0, note=63, velocity=100, time=0),
    Message('note_on', channel=0, note=39, velocity=0, time=60),
    Message('note_on', channel=0, note=51, velocity=0, time=0),
    Message('note_on', channel=0, note=51, velocity=108, time=60),
    Message('note_on', channel=0, note=63, velocity=0, time=60),
    Message('note_on', channel=0, note=51, velocity=0, time=0)])
])
MidiFile(type=1, ticks_per_beat=480, tracks=[
  MidiTrack([
    MetaMessage('set_tempo', tempo=500000, time=0),
    MetaMessage('time_signature', numerator=4, denominator=4, clocks_per_click=24, notated_32nd_notes_per_beat=8, time=0)]),
  MidiTrack([
    MetaMessage('track_name', name='bass', time=0),
    Message('program_change', channel=0, program=32, time=0),
    Message('note_on', channel=0, note=34, velocity=108, time=0),
    Message('note_on', channel=0, note=46, velocity=92, time=0),
    Message('note_on', channel=0, note=34, velocity=0, time=60),
    Message('note_on', channel=0, note=46, velocity=88, time=60),
    Message('note_on', channel=0, note=46, velocity=0, time=60),
    Message('note_on', channel=0, note=46, velocity=0, time=0),
    Message('note_on', channel=0, note=46, velocity=80, time=60),
    Message('note_on', channel=0, note=46, velocity=88, time=0),
    Message('note_on', channel=0, note=46, velocity=0, time=60),
    Message('note_on', channel=0, note=46, velocity=0, time=0),
    Message('note_on', channel=0, note=46, velocity=80, time=60),
    Message('note_on', channel=0, note=46, velocity=84, time=0),
    Message('note_on', channel=0, note=46, velocity=0, time=60),
    Message('note_on', channel=0, note=46, velocity=0, time=0),
    Message('note_on', channel=0, note=46, velocity=92, time=60),
    Message('note_on', channel=0, note=46, velocity=0, time=60),
    Message('note_on', channel=0, note=46, velocity=76, time=60),
    Message('note_on', channel=0, note=46, velocity=0, time=60),
    Message('note_on', channel=0, note=46, velocity=80, time=60),
    Message('note_on', channel=0, note=46, velocity=72, time=0),
    Message('note_on', channel=0, note=46, velocity=0, time=60),
    Message('note_on', channel=0, note=46, velocity=0, time=0),
    Message('note_on', channel=0, note=46, velocity=80, time=60),
    Message('note_on', channel=0, note=46, velocity=0, time=60),
    Message('note_on', channel=0, note=34, velocity=108, time=60),
    Message('note_on', channel=0, note=46, velocity=92, time=0),
    Message('note_on', channel=0, note=34, velocity=0, time=60),
    Message('note_on', channel=0, note=46, velocity=80, time=60),
    Message('note_on', channel=0, note=46, velocity=0, time=60),
    Message('note_on', channel=0, note=46, velocity=0, time=0)])
])
MidiFile(type=1, ticks_per_beat=480, tracks=[
  MidiTrack([
    MetaMessage('set_tempo', tempo=500000, time=0),
    MetaMessage('time_signature', numerator=4, denominator=4, clocks_per_click=24, notated_32nd_notes_per_beat=8, time=0)]),
  MidiTrack([
    MetaMessage('track_name', name='bass', time=0),
    Message('program_change', channel=0, program=32, time=0),
    Message('note_on', channel=0, note=40, velocity=104, time=0),
    Message('note_on', channel=0, note=41, velocity=88, time=0),
    Message('note_on', channel=0, note=40, velocity=0, time=60),
    Message('note_on', channel=0, note=41, velocity=0, time=0),
    Message('note_on', channel=0, note=40, velocity=104, time=60),
    Message('note_on', channel=0, note=42, velocity=88, time=0),
    Message('note_on', channel=0, note=40, velocity=0, time=60),
    Message('note_on', channel=0, note=42, velocity=0, time=0),
    Message('note_on', channel=0, note=43, velocity=88, time=60),
    Message('note_on', channel=0, note=44, velocity=100, time=0),
    Message('note_on', channel=0, note=43, velocity=0, time=60),
    Message('note_on', channel=0, note=44, velocity=0, time=0),
    Message('note_on', channel=0, note=42, velocity=96, time=60),
    Message('note_on', channel=0, note=40, velocity=96, time=0),
    Message('note_on', channel=0, note=42, velocity=0, time=60),
    Message('note_on', channel=0, note=40, velocity=0, time=0),
    Message('note_on', channel=0, note=43, velocity=104, time=60),
    Message('note_on', channel=0, note=45, velocity=96, time=0),
    Message('note_on', channel=0, note=43, velocity=0, time=60),
    Message('note_on', channel=0, note=45, velocity=0, time=0),
    Message('note_on', channel=0, note=47, velocity=92, time=60),
    Message('note_on', channel=0, note=50, velocity=88, time=0),
    Message('note_on', channel=0, note=47, velocity=0, time=60),
    Message('note_on', channel=0, note=50, velocity=0, time=0),
    Message('note_on', channel=0, note=52, velocity=88, time=60),
    Message('note_on', channel=0, note=41, velocity=88, time=0),
    Message('note_on', channel=0, note=52, velocity=0, time=60),
    Message('note_on', channel=0, note=41, velocity=0, time=0),
    Message('note_on', channel=0, note=39, velocity=108, time=60),
    Message('note_on', channel=0, note=39, velocity=0, time=60)])
])
MidiFile(type=1, ticks_per_beat=480, tracks=[
  MidiTrack([
    MetaMessage('set_tempo', tempo=500000, time=0),
    MetaMessage('time_signature', numerator=4, denominator=4, clocks_per_click=24, notated_32nd_notes_per_beat=8, time=0)]),
  MidiTrack([
    MetaMessage('track_name', name='bass', time=0),
    Message('program_change', channel=0, program=32, time=0),
    Message('note_on', channel=0, note=36, velocity=88, time=0),
    Message('note_on', channel=0, note=81, velocity=88, time=720),
    Message('note_on', channel=0, note=81, velocity=0, time=480),
    Message('note_on', channel=0, note=84, velocity=88, time=0),
    Message('note_on', channel=0, note=84, velocity=0, time=480),
    Message('note_on', channel=0, note=24, velocity=88, time=0),
    Message('note_on', channel=0, note=24, velocity=96, time=0),
    Message('note_on', channel=0, note=87, velocity=72, time=120),
    Message('note_on', channel=0, note=36, velocity=0, time=120),
    Message('note_on', channel=0, note=24, velocity=0, time=0),
    Message('note_on', channel=0, note=87, velocity=0, time=120),
    Message('note_on', channel=0, note=24, velocity=0, time=120)])
])
MidiFile(type=1, ticks_per_beat=480, tracks=[
  MidiTrack([
    MetaMessage('set_tempo', tempo=500000, time=0),
    MetaMessage('time_signature', numerator=4, denominator=4, clocks_per_click=24, notated_32nd_notes_per_beat=8, time=0)]),
  MidiTrack([
    MetaMessage('track_name', name='bass', time=0),
    Message('program_change', channel=0, program=32, time=0),
    Message('note_on', channel=0, note=29, velocity=92, time=0),
    Message('note_on', channel=0, note=29, velocity=0, time=240),
    Message('note_on', channel=0, note=29, velocity=96, time=240),
    Message('note_on', channel=0, note=29, velocity=0, time=240),
    Message('note_on', channel=0, note=31, velocity=104, time=240),
    Message('note_on', channel=0, note=31, velocity=0, time=240),
    Message('note_on', channel=0, note=31, velocity=100, time=240),
    Message('note_on', channel=0, note=31, velocity=0, time=240),
    Message('note_on', channel=0, note=31, velocity=84, time=0),
    Message('note_on', channel=0, note=33, velocity=92, time=120),
    Message('note_on', channel=0, note=31, velocity=0, time=120),
    Message('note_on', channel=0, note=33, velocity=0, time=120)])
])
MidiFile(type=1, ticks_per_beat=480, tracks=[
  MidiTrack([
    MetaMessage('set_tempo', tempo=500000, time=0),
    MetaMessage('time_signature', numerator=4, denominator=4, clocks_per_click=24, notated_32nd_notes_per_beat=8, time=0)]),
  MidiTrack([
    MetaMessage('track_name', name='bass', time=0),
    Message('program_change', channel=0, program=32, time=0),
    Message('note_on', channel=0, note=29, velocity=112, time=0),
    Message('note_on', channel=0, note=29, velocity=0, time=60),
    Message('note_on', channel=0, note=29, velocity=108, time=180),
    Message('note_on', channel=0, note=29, velocity=0, time=120),
    Message('note_on', channel=0, note=33, velocity=108, time=120),
    Message('note_on', channel=0, note=33, velocity=0, time=240),
    Message('note_on', channel=0, note=36, velocity=104, time=0),
    Message('note_on', channel=0, note=36, velocity=0, time=120),
    Message('note_on', channel=0, note=29, velocity=108, time=120),
    Message('note_on', channel=0, note=29, velocity=0, time=240),
    Message('note_on', channel=0, note=33, velocity=100, time=0),
    Message('note_on', channel=0, note=33, velocity=0, time=240),
    Message('note_on', channel=0, note=29, velocity=108, time=0),
    Message('note_on', channel=0, note=29, velocity=0, time=240),
    Message('note_on', channel=0, note=33, velocity=108, time=0),
    Message('note_on', channel=0, note=43, velocity=108, time=0),
    Message('note_on', channel=0, note=33, velocity=0, time=180),
    Message('note_on', channel=0, note=43, velocity=0, time=60)])
])
MidiFile(type=1, ticks_per_beat=480, tracks=[
  MidiTrack([
    MetaMessage('set_tempo', tempo=500000, time=0),
    MetaMessage('time_signature', numerator=4, denominator=4, clocks_per_click=24, notated_32nd_notes_per_beat=8, time=0)]),
  MidiTrack([
    MetaMessage('track_name', name='bass', time=0),
    Message('program_change', channel=0, program=32, time=0),
    Message('note_on', channel=0, note=38, velocity=104, time=0),
    Message('note_on', channel=0, note=38, velocity=0, time=60),
    Message('note_on', channel=0, note=38, velocity=88, time=60),
    Message('note_on', channel=0, note=38, velocity=0, time=60),
    Message('note_on', channel=0, note=38, velocity=104, time=60),
    Message('note_on', channel=0, note=38, velocity=0, time=60),
    Message('note_on', channel=0, note=38, velocity=80, time=60),
    Message('note_on', channel=0, note=38, velocity=0, time=60),
    Message('note_on', channel=0, note=38, velocity=104, time=60),
    Message('note_on', channel=0, note=38, velocity=0, time=60),
    Message('note_on', channel=0, note=38, velocity=88, time=60),
    Message('note_on', channel=0, note=38, velocity=0, time=60),
    Message('note_on', channel=0, note=38, velocity=104, time=60),
    Message('note_on', channel=0, note=38, velocity=0, time=60),
    Message('note_on', channel=0, note=38, velocity=88, time=60),
    Message('note_on', channel=0, note=38, velocity=0, time=60),
    Message('note_on', channel=0, note=38, velocity=104, time=180),
    Message('note_on', channel=0, note=38, velocity=0, time=60),
    Message('note_on', channel=0, note=38, velocity=104, time=60),
    Message('note_on', channel=0, note=38, velocity=0, time=60),
    Message('note_on', channel=0, note=38, velocity=88, time=60),
    Message('note_on', channel=0, note=38, velocity=0, time=60),
    Message('note_on', channel=0, note=38, velocity=104, time=60),
    Message('note_on', channel=0, note=38, velocity=0, time=60),
    Message('note_on', channel=0, note=38, velocity=100, time=60),
    Message('note_on', channel=0, note=38, velocity=0, time=60),
    Message('note_on', channel=0, note=38, velocity=104, time=60),
    Message('note_on', channel=0, note=38, velocity=0, time=60),
    Message('note_on', channel=0, note=38, velocity=84, time=60),
    Message('note_on', channel=0, note=38, velocity=0, time=60)])
])
MidiFile(type=1, ticks_per_beat=480, tracks=[
  MidiTrack([
    MetaMessage('set_tempo', tempo=500000, time=0),
    MetaMessage('time_signature', numerator=4, denominator=4, clocks_per_click=24, notated_32nd_notes_per_beat=8, time=0)]),
  MidiTrack([
    MetaMessage('track_name', name='bass', time=0),
    Message('program_change', channel=0, program=32, time=0),
    Message('note_on', channel=0, note=38, velocity=104, time=0),
    Message('note_on', channel=0, note=38, velocity=0, time=180),
    Message('note_on', channel=0, note=38, velocity=104, time=60),
    Message('note_on', channel=0, note=38, velocity=0, time=60),
    Message('note_on', channel=0, note=38, velocity=104, time=180),
    Message('note_on', channel=0, note=38, velocity=0, time=180),
    Message('note_on', channel=0, note=38, velocity=104, time=60),
    Message('note_on', channel=0, note=38, velocity=0, time=60),
    Message('note_on', channel=0, note=38, velocity=104, time=60),
    Message('note_on', channel=0, note=38, velocity=0, time=120),
    Message('note_on', channel=0, note=38, velocity=104, time=120),
    Message('note_on', channel=0, note=38, velocity=0, time=60),
    Message('note_on', channel=0, note=38, velocity=104, time=60),
    Message('note_on', channel=0, note=38, velocity=0, time=180),
    Message('note_on', channel=0, note=38, velocity=104, time=60),
    Message('note_on', channel=0, note=35, velocity=104, time=120),
    Message('note_on', channel=0, note=38, velocity=0, time=60),
    Message('note_on', channel=0, note=35, velocity=0, time=60),
    Message('note_on', channel=0, note=38, velocity=104, time=0),
    Message('note_on', channel=0, note=38, velocity=0, time=180)])
])
MidiFile(type=1, ticks_per_beat=480, tracks=[
  MidiTrack([
    MetaMessage('set_tempo', tempo=500000, time=0),
    MetaMessage('time_signature', numerator=4, denominator=4, clocks_per_click=24, notated_32nd_notes_per_beat=8, time=0)]),
  MidiTrack([
    MetaMessage('track_name', name='bass', time=0),
    Message('program_change', channel=0, program=32, time=0),
    Message('note_on', channel=0, note=39, velocity=112, time=0),
    Message('note_on', channel=0, note=39, velocity=0, time=360),
    Message('note_on', channel=0, note=39, velocity=112, time=120),
    Message('note_on', channel=0, note=39, velocity=0, time=180),
    Message('note_on', channel=0, note=39, velocity=112, time=60),
    Message('note_on', channel=0, note=39, velocity=0, time=120),
    Message('note_on', channel=0, note=39, velocity=112, time=120),
    Message('note_on', channel=0, note=39, velocity=0, time=180),
    Message('note_on', channel=0, note=39, velocity=112, time=60),
    Message('note_on', channel=0, note=39, velocity=0, time=240),
    Message('note_on', channel=0, note=34, velocity=112, time=0),
    Message('note_on', channel=0, note=34, velocity=0, time=240),
    Message('note_on', channel=0, note=36, velocity=108, time=0),
    Message('note_on', channel=0, note=63, velocity=108, time=120),
    Message('note_on', channel=0, note=36, velocity=0, time=120),
    Message('note_on', channel=0, note=63, velocity=0, time=120)])
])
MidiFile(type=1, ticks_per_beat=480, tracks=[
  MidiTrack([
    MetaMessage('set_tempo', tempo=500000, time=0),
    MetaMessage('time_signature', numerator=4, denominator=4, clocks_per_click=24, notated_32nd_notes_per_beat=8, time=0)]),
  MidiTrack([
    MetaMessage('track_name', name='bass', time=0),
    Message('program_change', channel=0, program=32, time=0),
    Message('note_on', channel=0, note=34, velocity=116, time=0),
    Message('note_on', channel=0, note=46, velocity=108, time=0),
    Message('note_on', channel=0, note=34, velocity=0, time=60),
    Message('note_on', channel=0, note=46, velocity=0, time=0),
    Message('note_on', channel=0, note=34, velocity=104, time=60),
    Message('note_on', channel=0, note=46, velocity=100, time=0),
    Message('note_on', channel=0, note=34, velocity=0, time=60),
    Message('note_on', channel=0, note=46, velocity=0, time=0),
    Message('note_on', channel=0, note=34, velocity=108, time=60),
    Message('note_on', channel=0, note=46, velocity=104, time=0),
    Message('note_on', channel=0, note=34, velocity=0, time=60),
    Message('note_on', channel=0, note=46, velocity=0, time=0),
    Message('note_on', channel=0, note=34, velocity=104, time=60),
    Message('note_on', channel=0, note=46, velocity=100, time=0),
    Message('note_on', channel=0, note=34, velocity=0, time=60),
    Message('note_on', channel=0, note=46, velocity=0, time=0),
    Message('note_on', channel=0, note=34, velocity=108, time=60),
    Message('note_on', channel=0, note=46, velocity=96, time=0),
    Message('note_on', channel=0, note=34, velocity=0, time=60),
    Message('note_on', channel=0, note=46, velocity=0, time=0),
    Message('note_on', channel=0, note=34, velocity=96, time=60),
    Message('note_on', channel=0, note=46, velocity=96, time=0),
    Message('note_on', channel=0, note=34, velocity=0, time=60),
    Message('note_on', channel=0, note=46, velocity=0, time=0),
    Message('note_on', channel=0, note=34, velocity=120, time=60),
    Message('note_on', channel=0, note=46, velocity=108, time=0),
    Message('note_on', channel=0, note=34, velocity=0, time=60),
    Message('note_on', channel=0, note=46, velocity=0, time=0),
    Message('note_on', channel=0, note=34, velocity=108, time=60),
    Message('note_on', channel=0, note=34, velocity=0, time=60)])
])
MidiFile(type=1, ticks_per_beat=480, tracks=[
  MidiTrack([
    MetaMessage('set_tempo', tempo=500000, time=0),
    MetaMessage('time_signature', numerator=4, denominator=4, clocks_per_click=24, notated_32nd_notes_per_beat=8, time=0)]),
  MidiTrack([
    MetaMessage('track_name', name='bass', time=0),
    Message('program_change', channel=0, program=32, time=0),
    Message('note_on', channel=0, note=29, velocity=100, time=0),
    Message('note_on', channel=0, note=29, velocity=96, time=960),
    Message('note_on', channel=0, note=29, velocity=0, time=120),
    Message('note_on', channel=0, note=53, velocity=88, time=0),
    Message('note_on', channel=0, note=53, velocity=0, time=60),
    Message('note_on', channel=0, note=53, velocity=92, time=60),
    Message('note_on', channel=0, note=53, velocity=0, time=60),
    Message('note_on', channel=0, note=29, velocity=72, time=60),
    Message('note_on', channel=0, note=29, velocity=0, time=60),
    Message('note_on', channel=0, note=53, velocity=68, time=60),
    Message('note_on', channel=0, note=33, velocity=108, time=0),
    Message('note_on', channel=0, note=53, velocity=0, time=60),
    Message('note_on', channel=0, note=33, velocity=0, time=0),
    Message('note_on', channel=0, note=53, velocity=96, time=60),
    Message('note_on', channel=0, note=33, velocity=96, time=0),
    Message('note_on', channel=0, note=53, velocity=0, time=60),
    Message('note_on', channel=0, note=33, velocity=0, time=0),
    Message('note_on', channel=0, note=53, velocity=68, time=60),
    Message('note_on', channel=0, note=53, velocity=0, time=60),
    Message('note_on', channel=0, note=29, velocity=0, time=180)])
])
MidiFile(type=1, ticks_per_beat=480, tracks=[
  MidiTrack([
    MetaMessage('set_tempo', tempo=500000, time=0),
    MetaMessage('time_signature', numerator=4, denominator=4, clocks_per_click=24, notated_32nd_notes_per_beat=8, time=0)]),
  MidiTrack([
    MetaMessage('track_name', name='bass', time=0),
    Message('program_change', channel=0, program=32, time=0),
    Message('note_on', channel=0, note=41, velocity=92, time=0),
    Message('note_on', channel=0, note=41, velocity=0, time=180),
    Message('note_on', channel=0, note=41, velocity=88, time=60),
    Message('note_on', channel=0, note=41, velocity=0, time=180),
    Message('note_on', channel=0, note=41, velocity=88, time=60),
    Message('note_on', channel=0, note=41, velocity=0, time=180),
    Message('note_on', channel=0, note=41, velocity=88, time=60),
    Message('note_on', channel=0, note=41, velocity=0, time=180),
    Message('note_on', channel=0, note=41, velocity=88, time=60),
    Message('note_on', channel=0, note=41, velocity=0, time=180),
    Message('note_on', channel=0, note=41, velocity=84, time=60),
    Message('note_on', channel=0, note=41, velocity=0, time=180),
    Message('note_on', channel=0, note=41, velocity=92, time=60),
    Message('note_on', channel=0, note=41, velocity=0, time=180),
    Message('note_on', channel=0, note=41, velocity=84, time=60),
    Message('note_on', channel=0, note=29, velocity=112, time=120),
    Message('note_on', channel=0, note=41, velocity=0, time=60),
    Message('note_on', channel=0, note=29, velocity=0, time=120)])
])
MidiFile(type=1, ticks_per_beat=480, tracks=[
  MidiTrack([
    MetaMessage('set_tempo', tempo=500000, time=0),
    MetaMessage('time_signature', numerator=4, denominator=4, clocks_per_click=24, notated_32nd_notes_per_beat=8, time=0)]),
  MidiTrack([
    MetaMessage('track_name', name='bass', time=0),
    Message('program_change', channel=0, program=32, time=0),
    Message('note_on', channel=0, note=34, velocity=108, time=0),
    Message('note_on', channel=0, note=34, velocity=0, time=240),
    Message('note_on', channel=0, note=34, velocity=92, time=0),
    Message('note_on', channel=0, note=34, velocity=0, time=240),
    Message('note_on', channel=0, note=34, velocity=112, time=0),
    Message('note_on', channel=0, note=34, velocity=0, time=240),
    Message('note_on', channel=0, note=34, velocity=104, time=0),
    Message('note_on', channel=0, note=34, velocity=0, time=240),
    Message('note_on', channel=0, note=34, velocity=108, time=0),
    Message('note_on', channel=0, note=34, velocity=0, time=240),
    Message('note_on', channel=0, note=34, velocity=100, time=0),
    Message('note_on', channel=0, note=34, velocity=0, time=240),
    Message('note_on', channel=0, note=33, velocity=112, time=0),
    Message('note_on', channel=0, note=33, velocity=0, time=240),
    Message('note_on', channel=0, note=34, velocity=88, time=0),
    Message('note_on', channel=0, note=34, velocity=108, time=0),
    Message('note_on', channel=0, note=34, velocity=0, time=240),
    Message('note_on', channel=0, note=34, velocity=0, time=0)])
])
MidiFile(type=1, ticks_per_beat=480, tracks=[
  MidiTrack([
    MetaMessage('set_tempo', tempo=500000, time=0),
    MetaMessage('time_signature', numerator=4, denominator=4, clocks_per_click=24, notated_32nd_notes_per_beat=8, time=0)]),
  MidiTrack([
    MetaMessage('track_name', name='bass', time=0),
    Message('program_change', channel=0, program=32, time=0),
    Message('note_on', channel=0, note=28, velocity=124, time=0),
    Message('note_on', channel=0, note=28, velocity=0, time=180),
    Message('note_on', channel=0, note=28, velocity=124, time=60),
    Message('note_on', channel=0, note=28, velocity=0, time=240),
    Message('note_on', channel=0, note=28, velocity=40, time=240),
    Message('note_on', channel=0, note=28, velocity=0, time=60),
    Message('note_on', channel=0, note=28, velocity=124, time=60),
    Message('note_on', channel=0, note=28, velocity=0, time=120),
    Message('note_on', channel=0, note=28, velocity=124, time=0),
    Message('note_on', channel=0, note=28, velocity=0, time=120),
    Message('note_on', channel=0, note=28, velocity=124, time=120),
    Message('note_on', channel=0, note=28, velocity=0, time=240),
    Message('note_on', channel=0, note=28, velocity=124, time=240),
    Message('note_on', channel=0, note=28, velocity=124, time=120),
    Message('note_on', channel=0, note=28, velocity=0, time=120),
    Message('note_on', channel=0, note=28, velocity=0, time=120)])
])
MidiFile(type=1, ticks_per_beat=480, tracks=[
  MidiTrack([
    MetaMessage('set_tempo', tempo=500000, time=0),
    MetaMessage('time_signature', numerator=4, denominator=4, clocks_per_click=24, notated_32nd_notes_per_beat=8, time=0)]),
  MidiTrack([
    MetaMessage('track_name', name='bass', time=0),
    Message('program_change', channel=0, program=32, time=0),
    Message('note_on', channel=0, note=32, velocity=108, time=0),
    Message('note_on', channel=0, note=32, velocity=0, time=240),
    Message('note_on', channel=0, note=32, velocity=112, time=240),
    Message('note_on', channel=0, note=32, velocity=0, time=240),
    Message('note_on', channel=0, note=32, velocity=112, time=240),
    Message('note_on', channel=0, note=32, velocity=0, time=240),
    Message('note_on', channel=0, note=32, velocity=108, time=240),
    Message('note_on', channel=0, note=32, velocity=0, time=240),
    Message('note_on', channel=0, note=27, velocity=108, time=0),
    Message('note_on', channel=0, note=32, velocity=108, time=120),
    Message('note_on', channel=0, note=27, velocity=0, time=120),
    Message('note_on', channel=0, note=32, velocity=0, time=120)])
])
MidiFile(type=1, ticks_per_beat=480, tracks=[
  MidiTrack([
    MetaMessage('set_tempo', tempo=500000, time=0),
    MetaMessage('time_signature', numerator=4, denominator=4, clocks_per_click=24, notated_32nd_notes_per_beat=8, time=0)]),
  MidiTrack([
    MetaMessage('track_name', name='bass', time=0),
    Message('program_change', channel=0, program=32, time=0),
    Message('note_on', channel=0, note=36, velocity=108, time=0),
    Message('note_on', channel=0, note=36, velocity=0, time=120),
    Message('note_on', channel=0, note=36, velocity=96, time=0),
    Message('note_on', channel=0, note=36, velocity=0, time=60),
    Message('note_on', channel=0, note=24, velocity=104, time=60),
    Message('note_on', channel=0, note=36, velocity=96, time=0),
    Message('note_on', channel=0, note=24, velocity=0, time=60),
    Message('note_on', channel=0, note=36, velocity=0, time=0),
    Message('note_on', channel=0, note=24, velocity=104, time=60),
    Message('note_on', channel=0, note=36, velocity=96, time=0),
    Message('note_on', channel=0, note=24, velocity=0, time=60),
    Message('note_on', channel=0, note=36, velocity=0, time=0),
    Message('note_on', channel=0, note=39, velocity=108, time=60),
    Message('note_on', channel=0, note=39, velocity=0, time=240),
    Message('note_on', channel=0, note=36, velocity=100, time=0),
    Message('note_on', channel=0, note=41, velocity=108, time=0),
    Message('note_on', channel=0, note=36, velocity=0, time=60),
    Message('note_on', channel=0, note=41, velocity=0, time=180),
    Message('note_on', channel=0, note=38, velocity=100, time=0),
    Message('note_on', channel=0, note=38, velocity=0, time=120),
    Message('note_on', channel=0, note=38, velocity=92, time=0),
    Message('note_on', channel=0, note=36, velocity=96, time=0),
    Message('note_on', channel=0, note=38, velocity=0, time=60),
    Message('note_on', channel=0, note=36, velocity=0, time=0),
    Message('note_on', channel=0, note=40, velocity=108, time=60),
    Message('note_on', channel=0, note=41, velocity=108, time=0),
    Message('note_on', channel=0, note=40, velocity=0, time=60),
    Message('note_on', channel=0, note=41, velocity=0, time=180),
    Message('note_on', channel=0, note=42, velocity=108, time=0),
    Message('note_on', channel=0, note=42, velocity=0, time=120)])
])
MidiFile(type=1, ticks_per_beat=480, tracks=[
  MidiTrack([
    MetaMessage('set_tempo', tempo=500000, time=0),
    MetaMessage('time_signature', numerator=4, denominator=4, clocks_per_click=24, notated_32nd_notes_per_beat=8, time=0)]),
  MidiTrack([
    MetaMessage('track_name', name='bass', time=0),
    Message('program_change', channel=0, program=32, time=0),
    Message('note_on', channel=0, note=34, velocity=92, time=0),
    Message('note_on', channel=0, note=34, velocity=0, time=480),
    Message('note_on', channel=0, note=41, velocity=96, time=0),
    Message('note_on', channel=0, note=41, velocity=0, time=180),
    Message('note_on', channel=0, note=34, velocity=92, time=60),
    Message('note_on', channel=0, note=34, velocity=0, time=180),
    Message('note_on', channel=0, note=36, velocity=104, time=60),
    Message('note_on', channel=0, note=36, velocity=0, time=480),
    Message('note_on', channel=0, note=38, velocity=100, time=0),
    Message('note_on', channel=0, note=38, velocity=0, time=240),
    Message('note_on', channel=0, note=29, velocity=92, time=0),
    Message('note_on', channel=0, note=29, velocity=0, time=240)])
])
MidiFile(type=1, ticks_per_beat=480, tracks=[
  MidiTrack([
    MetaMessage('set_tempo', tempo=500000, time=0),
    MetaMessage('time_signature', numerator=4, denominator=4, clocks_per_click=24, notated_32nd_notes_per_beat=8, time=0)]),
  MidiTrack([
    MetaMessage('track_name', name='bass', time=0),
    Message('program_change', channel=0, program=32, time=0),
    Message('note_on', channel=0, note=28, velocity=124, time=0),
    Message('note_on', channel=0, note=28, velocity=0, time=480),
    Message('note_on', channel=0, note=28, velocity=124, time=240),
    Message('note_on', channel=0, note=28, velocity=0, time=120),
    Message('note_on', channel=0, note=28, velocity=124, time=120),
    Message('note_on', channel=0, note=28, velocity=0, time=480),
    Message('note_on', channel=0, note=28, velocity=124, time=240),
    Message('note_on', channel=0, note=31, velocity=124, time=120),
    Message('note_on', channel=0, note=28, velocity=0, time=120),
    Message('note_on', channel=0, note=31, velocity=0, time=60)])
])
MidiFile(type=1, ticks_per_beat=480, tracks=[
  MidiTrack([
    MetaMessage('set_tempo', tempo=500000, time=0),
    MetaMessage('time_signature', numerator=4, denominator=4, clocks_per_click=24, notated_32nd_notes_per_beat=8, time=0)]),
  MidiTrack([
    MetaMessage('track_name', name='bass', time=0),
    Message('program_change', channel=0, program=32, time=0),
    Message('note_on', channel=0, note=32, velocity=108, time=0),
    Message('note_on', channel=0, note=32, velocity=0, time=240),
    Message('note_on', channel=0, note=32, velocity=112, time=0),
    Message('note_on', channel=0, note=32, velocity=0, time=240),
    Message('note_on', channel=0, note=32, velocity=108, time=0),
    Message('note_on', channel=0, note=32, velocity=0, time=240),
    Message('note_on', channel=0, note=32, velocity=108, time=0),
    Message('note_on', channel=0, note=32, velocity=0, time=240),
    Message('note_on', channel=0, note=32, velocity=112, time=0),
    Message('note_on', channel=0, note=32, velocity=0, time=240),
    Message('note_on', channel=0, note=39, velocity=108, time=0),
    Message('note_on', channel=0, note=39, velocity=0, time=240),
    Message('note_on', channel=0, note=39, velocity=116, time=0),
    Message('note_on', channel=0, note=39, velocity=0, time=240),
    Message('note_on', channel=0, note=39, velocity=112, time=0),
    Message('note_on', channel=0, note=60, velocity=108, time=120),
    Message('note_on', channel=0, note=39, velocity=0, time=120),
    Message('note_on', channel=0, note=60, velocity=0, time=120)])
])
MidiFile(type=1, ticks_per_beat=480, tracks=[
  MidiTrack([
    MetaMessage('set_tempo', tempo=500000, time=0),
    MetaMessage('time_signature', numerator=4, denominator=4, clocks_per_click=24, notated_32nd_notes_per_beat=8, time=0)]),
  MidiTrack([
    MetaMessage('track_name', name='bass', time=0),
    Message('program_change', channel=0, program=32, time=0),
    Message('note_on', channel=0, note=36, velocity=96, time=0),
    Message('note_on', channel=0, note=36, velocity=0, time=240),
    Message('note_on', channel=0, note=36, velocity=96, time=0),
    Message('note_on', channel=0, note=36, velocity=0, time=240),
    Message('note_on', channel=0, note=36, velocity=108, time=0),
    Message('note_on', channel=0, note=36, velocity=0, time=240),
    Message('note_on', channel=0, note=36, velocity=96, time=0),
    Message('note_on', channel=0, note=36, velocity=0, time=240),
    Message('note_on', channel=0, note=38, velocity=104, time=0),
    Message('note_on', channel=0, note=38, velocity=0, time=240),
    Message('note_on', channel=0, note=38, velocity=100, time=0),
    Message('note_on', channel=0, note=38, velocity=0, time=240),
    Message('note_on', channel=0, note=38, velocity=108, time=0),
    Message('note_on', channel=0, note=38, velocity=0, time=240),
    Message('note_on', channel=0, note=38, velocity=96, time=0),
    Message('note_on', channel=0, note=38, velocity=0, time=240)])
])
MidiFile(type=1, ticks_per_beat=480, tracks=[
  MidiTrack([
    MetaMessage('set_tempo', tempo=500000, time=0),
    MetaMessage('time_signature', numerator=4, denominator=4, clocks_per_click=24, notated_32nd_notes_per_beat=8, time=0)]),
  MidiTrack([
    MetaMessage('track_name', name='bass', time=0),
    Message('program_change', channel=0, program=32, time=0),
    Message('note_on', channel=0, note=35, velocity=100, time=0),
    Message('note_on', channel=0, note=35, velocity=0, time=240),
    Message('note_on', channel=0, note=35, velocity=88, time=0),
    Message('note_on', channel=0, note=35, velocity=0, time=240),
    Message('note_on', channel=0, note=35, velocity=100, time=0),
    Message('note_on', channel=0, note=35, velocity=0, time=240),
    Message('note_on', channel=0, note=35, velocity=88, time=0),
    Message('note_on', channel=0, note=35, velocity=0, time=240),
    Message('note_on', channel=0, note=35, velocity=96, time=0),
    Message('note_on', channel=0, note=35, velocity=0, time=240),
    Message('note_on', channel=0, note=35, velocity=116, time=0),
    Message('note_on', channel=0, note=35, velocity=0, time=240),
    Message('note_on', channel=0, note=35, velocity=116, time=0),
    Message('note_on', channel=0, note=35, velocity=0, time=240),
    Message('note_on', channel=0, note=35, velocity=80, time=0),
    Message('note_on', channel=0, note=66, velocity=112, time=0),
    Message('note_on', channel=0, note=66, velocity=0, time=180),
    Message('note_on', channel=0, note=35, velocity=0, time=60)])
])
MidiFile(type=1, ticks_per_beat=480, tracks=[
  MidiTrack([
    MetaMessage('set_tempo', tempo=500000, time=0),
    MetaMessage('time_signature', numerator=4, denominator=4, clocks_per_click=24, notated_32nd_notes_per_beat=8, time=0)]),
  MidiTrack([
    MetaMessage('track_name', name='bass', time=0),
    Message('program_change', channel=0, program=32, time=0),
    Message('note_on', channel=0, note=34, velocity=104, time=0),
    Message('note_on', channel=0, note=35, velocity=96, time=0),
    Message('note_on', channel=0, note=34, velocity=0, time=60),
    Message('note_on', channel=0, note=35, velocity=0, time=60),
    Message('note_on', channel=0, note=36, velocity=100, time=0),
    Message('note_on', channel=0, note=36, velocity=0, time=60),
    Message('note_on', channel=0, note=36, velocity=96, time=60),
    Message('note_on', channel=0, note=36, velocity=0, time=120),
    Message('note_on', channel=0, note=36, velocity=100, time=0),
    Message('note_on', channel=0, note=36, velocity=0, time=120),
    Message('note_on', channel=0, note=39, velocity=104, time=0),
    Message('note_on', channel=0, note=39, velocity=0, time=60),
    Message('note_on', channel=0, note=36, velocity=100, time=60),
    Message('note_on', channel=0, note=36, velocity=0, time=60),
    Message('note_on', channel=0, note=36, velocity=100, time=60),
    Message('note_on', channel=0, note=36, velocity=0, time=120),
    Message('note_on', channel=0, note=36, velocity=96, time=0),
    Message('note_on', channel=0, note=36, velocity=0, time=120),
    Message('note_on', channel=0, note=41, velocity=108, time=0),
    Message('note_on', channel=0, note=41, velocity=0, time=120),
    Message('note_on', channel=0, note=41, velocity=104, time=0),
    Message('note_on', channel=0, note=41, velocity=0, time=60),
    Message('note_on', channel=0, note=41, velocity=116, time=60),
    Message('note_on', channel=0, note=41, velocity=0, time=60),
    Message('note_on', channel=0, note=41, velocity=116, time=60),
    Message('note_on', channel=0, note=41, velocity=0, time=120),
    Message('note_on', channel=0, note=39, velocity=108, time=0),
    Message('note_on', channel=0, note=39, velocity=0, time=120),
    Message('note_on', channel=0, note=36, velocity=100, time=0),
    Message('note_on', channel=0, note=36, velocity=0, time=60)])
])
MidiFile(type=1, ticks_per_beat=480, tracks=[
  MidiTrack([
    MetaMessage('set_tempo', tempo=500000, time=0),
    MetaMessage('time_signature', numerator=4, denominator=4, clocks_per_click=24, notated_32nd_notes_per_beat=8, time=0)]),
  MidiTrack([
    MetaMessage('track_name', name='bass', time=0),
    Message('program_change', channel=0, program=32, time=0),
    Message('note_on', channel=0, note=38, velocity=104, time=0),
    Message('note_on', channel=0, note=38, velocity=0, time=60),
    Message('note_on', channel=0, note=38, velocity=80, time=60),
    Message('note_on', channel=0, note=38, velocity=0, time=60),
    Message('note_on', channel=0, note=38, velocity=96, time=60),
    Message('note_on', channel=0, note=38, velocity=0, time=60),
    Message('note_on', channel=0, note=38, velocity=76, time=60),
    Message('note_on', channel=0, note=38, velocity=0, time=60),
    Message('note_on', channel=0, note=38, velocity=108, time=60),
    Message('note_on', channel=0, note=38, velocity=0, time=60),
    Message('note_on', channel=0, note=38, velocity=88, time=60),
    Message('note_on', channel=0, note=38, velocity=0, time=60),
    Message('note_on', channel=0, note=38, velocity=88, time=60),
    Message('note_on', channel=0, note=38, velocity=0, time=60),
    Message('note_on', channel=0, note=38, velocity=84, time=60),
    Message('note_on', channel=0, note=38, velocity=0, time=60),
    Message('note_on', channel=0, note=38, velocity=100, time=60),
    Message('note_on', channel=0, note=38, velocity=0, time=60),
    Message('note_on', channel=0, note=38, velocity=80, time=60),
    Message('note_on', channel=0, note=38, velocity=0, time=60),
    Message('note_on', channel=0, note=38, velocity=92, time=60),
    Message('note_on', channel=0, note=38, velocity=0, time=60),
    Message('note_on', channel=0, note=38, velocity=80, time=60),
    Message('note_on', channel=0, note=38, velocity=0, time=60),
    Message('note_on', channel=0, note=36, velocity=112, time=60),
    Message('note_on', channel=0, note=36, velocity=0, time=60),
    Message('note_on', channel=0, note=36, velocity=104, time=60),
    Message('note_on', channel=0, note=36, velocity=0, time=60),
    Message('note_on', channel=0, note=36, velocity=100, time=60),
    Message('note_on', channel=0, note=36, velocity=0, time=60)])
])
MidiFile(type=1, ticks_per_beat=480, tracks=[
  MidiTrack([
    MetaMessage('set_tempo', tempo=500000, time=0),
    MetaMessage('time_signature', numerator=4, denominator=4, clocks_per_click=24, notated_32nd_notes_per_beat=8, time=0)]),
  MidiTrack([
    MetaMessage('track_name', name='bass', time=0),
    Message('program_change', channel=0, program=32, time=0),
    Message('note_on', channel=0, note=29, velocity=100, time=0),
    Message('note_on', channel=0, note=29, velocity=0, time=240),
    Message('note_on', channel=0, note=29, velocity=92, time=0),
    Message('note_on', channel=0, note=29, velocity=0, time=240),
    Message('note_on', channel=0, note=29, velocity=112, time=0),
    Message('note_on', channel=0, note=29, velocity=0, time=240),
    Message('note_on', channel=0, note=29, velocity=100, time=0),
    Message('note_on', channel=0, note=29, velocity=0, time=240),
    Message('note_on', channel=0, note=29, velocity=112, time=0),
    Message('note_on', channel=0, note=29, velocity=0, time=240),
    Message('note_on', channel=0, note=29, velocity=100, time=0),
    Message('note_on', channel=0, note=29, velocity=0, time=240),
    Message('note_on', channel=0, note=29, velocity=112, time=0),
    Message('note_on', channel=0, note=29, velocity=0, time=240),
    Message('note_on', channel=0, note=29, velocity=100, time=0),
    Message('note_on', channel=0, note=31, velocity=92, time=120),
    Message('note_on', channel=0, note=50, velocity=60, time=0),
    Message('note_on', channel=0, note=29, velocity=0, time=120),
    Message('note_on', channel=0, note=31, velocity=0, time=120),
    Message('note_on', channel=0, note=50, velocity=0, time=0)])
])
MidiFile(type=1, ticks_per_beat=480, tracks=[
  MidiTrack([
    MetaMessage('set_tempo', tempo=500000, time=0),
    MetaMessage('time_signature', numerator=4, denominator=4, clocks_per_click=24, notated_32nd_notes_per_beat=8, time=0)]),
  MidiTrack([
    MetaMessage('track_name', name='bass', time=0),
    Message('program_change', channel=0, program=32, time=0),
    Message('note_on', channel=0, note=29, velocity=80, time=0),
    Message('note_on', channel=0, note=29, velocity=0, time=360),
    Message('note_on', channel=0, note=29, velocity=80, time=120),
    Message('note_on', channel=0, note=29, velocity=0, time=360),
    Message('note_on', channel=0, note=29, velocity=80, time=120),
    Message('note_on', channel=0, note=29, velocity=0, time=360),
    Message('note_on', channel=0, note=38, velocity=80, time=120),
    Message('note_on', channel=0, note=50, velocity=64, time=240),
    Message('note_on', channel=0, note=38, velocity=0, time=120),
    Message('note_on', channel=0, note=50, velocity=48, time=0),
    Message('note_on', channel=0, note=50, velocity=0, time=60),
    Message('note_on', channel=0, note=50, velocity=0, time=300)])
])
MidiFile(type=1, ticks_per_beat=480, tracks=[
  MidiTrack([
    MetaMessage('set_tempo', tempo=500000, time=0),
    MetaMessage('time_signature', numerator=4, denominator=4, clocks_per_click=24, notated_32nd_notes_per_beat=8, time=0)]),
  MidiTrack([
    MetaMessage('track_name', name='bass', time=0),
    Message('program_change', channel=0, program=32, time=0),
    Message('note_on', channel=0, note=36, velocity=112, time=0),
    Message('note_on', channel=0, note=36, velocity=0, time=480),
    Message('note_on', channel=0, note=36, velocity=112, time=0),
    Message('note_on', channel=0, note=36, velocity=0, time=480),
    Message('note_on', channel=0, note=36, velocity=112, time=0),
    Message('note_on', channel=0, note=36, velocity=0, time=480),
    Message('note_on', channel=0, note=36, velocity=80, time=0),
    Message('note_on', channel=0, note=43, velocity=108, time=360),
    Message('note_on', channel=0, note=36, velocity=0, time=120),
    Message('note_on', channel=0, note=43, velocity=0, time=360)])
])
MidiFile(type=1, ticks_per_beat=480, tracks=[
  MidiTrack([
    MetaMessage('set_tempo', tempo=500000, time=0),
    MetaMessage('time_signature', numerator=4, denominator=4, clocks_per_click=24, notated_32nd_notes_per_beat=8, time=0)]),
  MidiTrack([
    MetaMessage('track_name', name='bass', time=0),
    Message('program_change', channel=0, program=32, time=0),
    Message('note_on', channel=0, note=33, velocity=112, time=0),
    Message('note_on', channel=0, note=33, velocity=0, time=180),
    Message('note_on', channel=0, note=33, velocity=104, time=60),
    Message('note_on', channel=0, note=33, velocity=0, time=180),
    Message('note_on', channel=0, note=33, velocity=112, time=60),
    Message('note_on', channel=0, note=33, velocity=0, time=180),
    Message('note_on', channel=0, note=33, velocity=72, time=60),
    Message('note_on', channel=0, note=33, velocity=0, time=120),
    Message('note_on', channel=0, note=33, velocity=112, time=120),
    Message('note_on', channel=0, note=33, velocity=0, time=180),
    Message('note_on', channel=0, note=33, velocity=92, time=60),
    Message('note_on', channel=0, note=33, velocity=0, time=180),
    Message('note_on', channel=0, note=33, velocity=112, time=60),
    Message('note_on', channel=0, note=33, velocity=0, time=180),
    Message('note_on', channel=0, note=33, velocity=92, time=60),
    Message('note_on', channel=0, note=34, velocity=72, time=120),
    Message('note_on', channel=0, note=33, velocity=0, time=60),
    Message('note_on', channel=0, note=34, velocity=0, time=120)])
])
MidiFile(type=1, ticks_per_beat=480, tracks=[
  MidiTrack([
    MetaMessage('set_tempo', tempo=500000, time=0),
    MetaMessage('time_signature', numerator=4, denominator=4, clocks_per_click=24, notated_32nd_notes_per_beat=8, time=0)]),
  MidiTrack([
    MetaMessage('track_name', name='bass', time=0),
    Message('program_change', channel=0, program=32, time=0),
    Message('note_on', channel=0, note=39, velocity=100, time=0),
    Message('note_on', channel=0, note=51, velocity=104, time=0),
    Message('note_on', channel=0, note=39, velocity=0, time=60),
    Message('note_on', channel=0, note=51, velocity=0, time=0),
    Message('note_on', channel=0, note=39, velocity=100, time=60),
    Message('note_on', channel=0, note=51, velocity=104, time=0),
    Message('note_on', channel=0, note=39, velocity=0, time=60),
    Message('note_on', channel=0, note=51, velocity=0, time=0),
    Message('note_on', channel=0, note=39, velocity=100, time=60),
    Message('note_on', channel=0, note=51, velocity=104, time=0),
    Message('note_on', channel=0, note=39, velocity=0, time=60),
    Message('note_on', channel=0, note=51, velocity=0, time=0),
    Message('note_on', channel=0, note=39, velocity=100, time=60),
    Message('note_on', channel=0, note=51, velocity=104, time=0),
    Message('note_on', channel=0, note=39, velocity=0, time=60),
    Message('note_on', channel=0, note=51, velocity=0, time=0),
    Message('note_on', channel=0, note=39, velocity=100, time=60),
    Message('note_on', channel=0, note=51, velocity=96, time=0),
    Message('note_on', channel=0, note=39, velocity=0, time=60),
    Message('note_on', channel=0, note=51, velocity=0, time=0),
    Message('note_on', channel=0, note=39, velocity=60, time=60),
    Message('note_on', channel=0, note=51, velocity=96, time=0),
    Message('note_on', channel=0, note=39, velocity=0, time=60),
    Message('note_on', channel=0, note=51, velocity=0, time=0),
    Message('note_on', channel=0, note=39, velocity=100, time=60),
    Message('note_on', channel=0, note=51, velocity=48, time=0),
    Message('note_on', channel=0, note=39, velocity=0, time=60),
    Message('note_on', channel=0, note=51, velocity=0, time=0),
    Message('note_on', channel=0, note=39, velocity=100, time=60),
    Message('note_on', channel=0, note=39, velocity=0, time=60)])
])
MidiFile(type=1, ticks_per_beat=480, tracks=[
  MidiTrack([
    MetaMessage('set_tempo', tempo=500000, time=0),
    MetaMessage('time_signature', numerator=4, denominator=4, clocks_per_click=24, notated_32nd_notes_per_beat=8, time=0)]),
  MidiTrack([
    MetaMessage('track_name', name='bass', time=0),
    Message('program_change', channel=0, program=32, time=0),
    Message('note_on', channel=0, note=39, velocity=100, time=0),
    Message('note_on', channel=0, note=39, velocity=0, time=180),
    Message('note_on', channel=0, note=39, velocity=96, time=60),
    Message('note_on', channel=0, note=39, velocity=0, time=180),
    Message('note_on', channel=0, note=41, velocity=104, time=60),
    Message('note_on', channel=0, note=41, velocity=0, time=180),
    Message('note_on', channel=0, note=41, velocity=92, time=60),
    Message('note_on', channel=0, note=41, velocity=0, time=180),
    Message('note_on', channel=0, note=39, velocity=100, time=60),
    Message('note_on', channel=0, note=39, velocity=0, time=180),
    Message('note_on', channel=0, note=39, velocity=92, time=60),
    Message('note_on', channel=0, note=39, velocity=0, time=180),
    Message('note_on', channel=0, note=41, velocity=76, time=60),
    Message('note_on', channel=0, note=41, velocity=0, time=180),
    Message('note_on', channel=0, note=41, velocity=88, time=60),
    Message('note_on', channel=0, note=38, velocity=84, time=120),
    Message('note_on', channel=0, note=41, velocity=0, time=60),
    Message('note_on', channel=0, note=38, velocity=0, time=120)])
])
MidiFile(type=1, ticks_per_beat=480, tracks=[
  MidiTrack([
    MetaMessage('set_tempo', tempo=500000, time=0),
    MetaMessage('time_signature', numerator=4, denominator=4, clocks_per_click=24, notated_32nd_notes_per_beat=8, time=0)]),
  MidiTrack([
    MetaMessage('track_name', name='bass', time=0),
    Message('program_change', channel=0, program=32, time=0),
    Message('note_on', channel=0, note=31, velocity=100, time=0),
    Message('note_on', channel=0, note=31, velocity=0, time=240),
    Message('note_on', channel=0, note=41, velocity=88, time=0),
    Message('note_on', channel=0, note=41, velocity=0, time=120),
    Message('note_on', channel=0, note=40, velocity=104, time=120),
    Message('note_on', channel=0, note=40, velocity=0, time=120),
    Message('note_on', channel=0, note=38, velocity=88, time=0),
    Message('note_on', channel=0, note=38, velocity=0, time=120),
    Message('note_on', channel=0, note=35, velocity=96, time=0),
    Message('note_on', channel=0, note=35, velocity=0, time=120),
    Message('note_on', channel=0, note=36, velocity=96, time=0),
    Message('note_on', channel=0, note=36, velocity=0, time=120),
    Message('note_on', channel=0, note=37, velocity=84, time=0),
    Message('note_on', channel=0, note=37, velocity=0, time=120),
    Message('note_on', channel=0, note=38, velocity=92, time=0),
    Message('note_on', channel=0, note=38, velocity=0, time=120),
    Message('note_on', channel=0, note=39, velocity=88, time=0),
    Message('note_on', channel=0, note=39, velocity=0, time=120),
    Message('note_on', channel=0, note=41, velocity=92, time=0),
    Message('note_on', channel=0, note=41, velocity=0, time=120),
    Message('note_on', channel=0, note=42, velocity=96, time=0),
    Message('note_on', channel=0, note=42, velocity=0, time=120),
    Message('note_on', channel=0, note=43, velocity=108, time=0),
    Message('note_on', channel=0, note=43, velocity=0, time=120),
    Message('note_on', channel=0, note=45, velocity=104, time=0),
    Message('note_on', channel=0, note=45, velocity=0, time=120),
    Message('note_on', channel=0, note=47, velocity=88, time=0),
    Message('note_on', channel=0, note=47, velocity=0, time=120)])
])
MidiFile(type=1, ticks_per_beat=480, tracks=[
  MidiTrack([
    MetaMessage('set_tempo', tempo=500000, time=0),
    MetaMessage('time_signature', numerator=4, denominator=4, clocks_per_click=24, notated_32nd_notes_per_beat=8, time=0)]),
  MidiTrack([
    MetaMessage('track_name', name='bass', time=0),
    Message('program_change', channel=0, program=32, time=0),
    Message('note_on', channel=0, note=43, velocity=88, time=0),
    Message('note_on', channel=0, note=43, velocity=0, time=480),
    Message('note_on', channel=0, note=40, velocity=96, time=0),
    Message('note_on', channel=0, note=40, velocity=0, time=480),
    Message('note_on', channel=0, note=38, velocity=100, time=0),
    Message('note_on', channel=0, note=38, velocity=0, time=480),
    Message('note_on', channel=0, note=35, velocity=100, time=0),
    Message('note_on', channel=0, note=35, velocity=100, time=240),
    Message('note_on', channel=0, note=29, velocity=108, time=120),
    Message('note_on', channel=0, note=35, velocity=0, time=120),
    Message('note_on', channel=0, note=35, velocity=0, time=240),
    Message('note_on', channel=0, note=29, velocity=0, time=120)])
])
MidiFile(type=1, ticks_per_beat=480, tracks=[
  MidiTrack([
    MetaMessage('set_tempo', tempo=500000, time=0),
    MetaMessage('time_signature', numerator=4, denominator=4, clocks_per_click=24, notated_32nd_notes_per_beat=8, time=0)]),
  MidiTrack([
    MetaMessage('track_name', name='bass', time=0),
    Message('program_change', channel=0, program=32, time=0),
    Message('note_on', channel=0, note=29, velocity=112, time=0),
    Message('note_on', channel=0, note=29, velocity=0, time=180),
    Message('note_on', channel=0, note=29, velocity=96, time=60),
    Message('note_on', channel=0, note=29, velocity=0, time=180),
    Message('note_on', channel=0, note=24, velocity=112, time=60),
    Message('note_on', channel=0, note=24, velocity=0, time=180),
    Message('note_on', channel=0, note=24, velocity=108, time=60),
    Message('note_on', channel=0, note=24, velocity=0, time=180),
    Message('note_on', channel=0, note=29, velocity=112, time=60),
    Message('note_on', channel=0, note=29, velocity=0, time=180),
    Message('note_on', channel=0, note=29, velocity=112, time=60),
    Message('note_on', channel=0, note=29, velocity=0, time=120),
    Message('note_on', channel=0, note=33, velocity=96, time=0),
    Message('note_on', channel=0, note=33, velocity=0, time=120),
    Message('note_on', channel=0, note=34, velocity=112, time=0),
    Message('note_on', channel=0, note=34, velocity=0, time=120),
    Message('note_on', channel=0, note=35, velocity=112, time=0),
    Message('note_on', channel=0, note=35, velocity=0, time=120),
    Message('note_on', channel=0, note=36, velocity=108, time=0),
    Message('note_on', channel=0, note=38, velocity=100, time=120),
    Message('note_on', channel=0, note=36, velocity=0, time=60),
    Message('note_on', channel=0, note=38, velocity=0, time=120)])
])
MidiFile(type=1, ticks_per_beat=480, tracks=[
  MidiTrack([
    MetaMessage('set_tempo', tempo=500000, time=0),
    MetaMessage('time_signature', numerator=4, denominator=4, clocks_per_click=24, notated_32nd_notes_per_beat=8, time=0)]),
  MidiTrack([
    MetaMessage('track_name', name='bass', time=0),
    Message('program_change', channel=0, program=32, time=0),
    Message('note_on', channel=0, note=41, velocity=88, time=0),
    Message('note_on', channel=0, note=77, velocity=60, time=0),
    Message('note_on', channel=0, note=41, velocity=0, time=60),
    Message('note_on', channel=0, note=77, velocity=0, time=0),
    Message('note_on', channel=0, note=41, velocity=92, time=60),
    Message('note_on', channel=0, note=72, velocity=56, time=0),
    Message('note_on', channel=0, note=41, velocity=0, time=60),
    Message('note_on', channel=0, note=72, velocity=0, time=0),
    Message('note_on', channel=0, note=41, velocity=88, time=60),
    Message('note_on', channel=0, note=84, velocity=44, time=0),
    Message('note_on', channel=0, note=41, velocity=0, time=60),
    Message('note_on', channel=0, note=84, velocity=0, time=60),
    Message('note_on', channel=0, note=41, velocity=88, time=0),
    Message('note_on', channel=0, note=74, velocity=44, time=0),
    Message('note_on', channel=0, note=41, velocity=0, time=60),
    Message('note_on', channel=0, note=74, velocity=0, time=0),
    Message('note_on', channel=0, note=41, velocity=88, time=60),
    Message('note_on', channel=0, note=72, velocity=60, time=0),
    Message('note_on', channel=0, note=41, velocity=0, time=60),
    Message('note_on', channel=0, note=72, velocity=0, time=60),
    Message('note_on', channel=0, note=41, velocity=88, time=0),
    Message('note_on', channel=0, note=72, velocity=60, time=0),
    Message('note_on', channel=0, note=41, velocity=0, time=60),
    Message('note_on', channel=0, note=72, velocity=0, time=0),
    Message('note_on', channel=0, note=41, velocity=88, time=60),
    Message('note_on', channel=0, note=84, velocity=60, time=0),
    Message('note_on', channel=0, note=41, velocity=0, time=60),
    Message('note_on', channel=0, note=84, velocity=0, time=60),
    Message('note_on', channel=0, note=41, velocity=88, time=0),
    Message('note_on', channel=0, note=41, velocity=0, time=60)])
])
MidiFile(type=1, ticks_per_beat=480, tracks=[
  MidiTrack([
    MetaMessage('set_tempo', tempo=500000, time=0),
    MetaMessage('time_signature', numerator=4, denominator=4, clocks_per_click=24, notated_32nd_notes_per_beat=8, time=0)]),
  MidiTrack([
    MetaMessage('track_name', name='bass', time=0),
    Message('program_change', channel=0, program=32, time=0),
    Message('note_on', channel=0, note=38, velocity=112, time=0),
    Message('note_on', channel=0, note=38, velocity=0, time=120),
    Message('note_on', channel=0, note=38, velocity=104, time=0),
    Message('note_on', channel=0, note=38, velocity=0, time=120),
    Message('note_on', channel=0, note=38, velocity=112, time=0),
    Message('note_on', channel=0, note=38, velocity=0, time=120),
    Message('note_on', channel=0, note=38, velocity=104, time=0),
    Message('note_on', channel=0, note=38, velocity=0, time=120),
    Message('note_on', channel=0, note=38, velocity=112, time=0),
    Message('note_on', channel=0, note=38, velocity=0, time=120),
    Message('note_on', channel=0, note=38, velocity=88, time=0),
    Message('note_on', channel=0, note=38, velocity=0, time=120),
    Message('note_on', channel=0, note=38, velocity=112, time=0),
    Message('note_on', channel=0, note=38, velocity=0, time=120),
    Message('note_on', channel=0, note=38, velocity=112, time=0),
    Message('note_on', channel=0, note=38, velocity=0, time=120),
    Message('note_on', channel=0, note=38, velocity=112, time=0),
    Message('note_on', channel=0, note=38, velocity=0, time=120),
    Message('note_on', channel=0, note=38, velocity=104, time=0),
    Message('note_on', channel=0, note=38, velocity=0, time=120),
    Message('note_on', channel=0, note=38, velocity=112, time=0),
    Message('note_on', channel=0, note=38, velocity=0, time=120),
    Message('note_on', channel=0, note=38, velocity=112, time=0),
    Message('note_on', channel=0, note=38, velocity=0, time=120),
    Message('note_on', channel=0, note=38, velocity=112, time=0),
    Message('note_on', channel=0, note=38, velocity=0, time=120),
    Message('note_on', channel=0, note=38, velocity=112, time=0),
    Message('note_on', channel=0, note=38, velocity=0, time=120),
    Message('note_on', channel=0, note=38, velocity=112, time=0),
    Message('note_on', channel=0, note=38, velocity=0, time=120)])
])
MidiFile(type=1, ticks_per_beat=480, tracks=[
  MidiTrack([
    MetaMessage('set_tempo', tempo=500000, time=0),
    MetaMessage('time_signature', numerator=4, denominator=4, clocks_per_click=24, notated_32nd_notes_per_beat=8, time=0)]),
  MidiTrack([
    MetaMessage('track_name', name='bass', time=0),
    Message('program_change', channel=0, program=32, time=0),
    Message('note_on', channel=0, note=33, velocity=112, time=0),
    Message('note_on', channel=0, note=33, velocity=0, time=120),
    Message('note_on', channel=0, note=33, velocity=112, time=120),
    Message('note_on', channel=0, note=33, velocity=0, time=120),
    Message('note_on', channel=0, note=33, velocity=112, time=120),
    Message('note_on', channel=0, note=33, velocity=0, time=120),
    Message('note_on', channel=0, note=33, velocity=112, time=120),
    Message('note_on', channel=0, note=33, velocity=0, time=120),
    Message('note_on', channel=0, note=27, velocity=112, time=120),
    Message('note_on', channel=0, note=27, velocity=0, time=120),
    Message('note_on', channel=0, note=27, velocity=112, time=120),
    Message('note_on', channel=0, note=27, velocity=0, time=120),
    Message('note_on', channel=0, note=27, velocity=112, time=120),
    Message('note_on', channel=0, note=27, velocity=0, time=120),
    Message('note_on', channel=0, note=27, velocity=112, time=120),
    Message('note_on', channel=0, note=27, velocity=0, time=180)])
])
MidiFile(type=1, ticks_per_beat=480, tracks=[
  MidiTrack([
    MetaMessage('set_tempo', tempo=500000, time=0),
    MetaMessage('time_signature', numerator=4, denominator=4, clocks_per_click=24, notated_32nd_notes_per_beat=8, time=0)]),
  MidiTrack([
    MetaMessage('track_name', name='bass', time=0),
    Message('program_change', channel=0, program=32, time=0),
    Message('note_on', channel=0, note=34, velocity=108, time=0),
    Message('note_on', channel=0, note=34, velocity=0, time=960),
    Message('note_on', channel=0, note=39, velocity=108, time=0),
    Message('note_on', channel=0, note=39, velocity=0, time=480),
    Message('note_on', channel=0, note=34, velocity=108, time=0),
    Message('note_on', channel=0, note=72, velocity=108, time=240),
    Message('note_on', channel=0, note=34, velocity=0, time=240),
    Message('note_on', channel=0, note=72, velocity=0, time=240)])
])
MidiFile(type=1, ticks_per_beat=480, tracks=[
  MidiTrack([
    MetaMessage('set_tempo', tempo=500000, time=0),
    MetaMessage('time_signature', numerator=4, denominator=4, clocks_per_click=24, notated_32nd_notes_per_beat=8, time=0)]),
  MidiTrack([
    MetaMessage('track_name', name='bass', time=0),
    Message('program_change', channel=0, program=32, time=0),
    Message('note_on', channel=0, note=34, velocity=96, time=0),
    Message('note_on', channel=0, note=34, velocity=0, time=240),
    Message('note_on', channel=0, note=34, velocity=92, time=240),
    Message('note_on', channel=0, note=34, velocity=0, time=240),
    Message('note_on', channel=0, note=34, velocity=88, time=120),
    Message('note_on', channel=0, note=34, velocity=0, time=60),
    Message('note_on', channel=0, note=34, velocity=88, time=60),
    Message('note_on', channel=0, note=34, velocity=0, time=180),
    Message('note_on', channel=0, note=34, velocity=92, time=60),
    Message('note_on', channel=0, note=34, velocity=0, time=180),
    Message('note_on', channel=0, note=33, velocity=80, time=60),
    Message('note_on', channel=0, note=33, velocity=0, time=180),
    Message('note_on', channel=0, note=33, velocity=100, time=60),
    Message('note_on', channel=0, note=49, velocity=96, time=120),
    Message('note_on', channel=0, note=33, velocity=0, time=60),
    Message('note_on', channel=0, note=49, velocity=0, time=120)])
])
MidiFile(type=1, ticks_per_beat=480, tracks=[
  MidiTrack([
    MetaMessage('set_tempo', tempo=500000, time=0),
    MetaMessage('time_signature', numerator=4, denominator=4, clocks_per_click=24, notated_32nd_notes_per_beat=8, time=0)]),
  MidiTrack([
    MetaMessage('track_name', name='bass', time=0),
    Message('program_change', channel=0, program=32, time=0),
    Message('note_on', channel=0, note=41, velocity=92, time=0),
    Message('note_on', channel=0, note=81, velocity=84, time=1800),
    Message('note_on', channel=0, note=81, velocity=0, time=60),
    Message('note_on', channel=0, note=41, velocity=0, time=60)])
])
MidiFile(type=1, ticks_per_beat=480, tracks=[
  MidiTrack([
    MetaMessage('set_tempo', tempo=500000, time=0),
    MetaMessage('time_signature', numerator=4, denominator=4, clocks_per_click=24, notated_32nd_notes_per_beat=8, time=0)]),
  MidiTrack([
    MetaMessage('track_name', name='bass', time=0),
    Message('program_change', channel=0, program=32, time=0),
    Message('note_on', channel=0, note=38, velocity=100, time=0),
    Message('note_on', channel=0, note=38, velocity=0, time=120),
    Message('note_on', channel=0, note=38, velocity=100, time=0),
    Message('note_on', channel=0, note=38, velocity=0, time=120),
    Message('note_on', channel=0, note=38, velocity=100, time=0),
    Message('note_on', channel=0, note=38, velocity=0, time=120),
    Message('note_on', channel=0, note=38, velocity=100, time=0),
    Message('note_on', channel=0, note=38, velocity=0, time=120),
    Message('note_on', channel=0, note=38, velocity=100, time=0),
    Message('note_on', channel=0, note=38, velocity=0, time=120),
    Message('note_on', channel=0, note=38, velocity=96, time=0),
    Message('note_on', channel=0, note=38, velocity=0, time=120),
    Message('note_on', channel=0, note=38, velocity=96, time=0),
    Message('note_on', channel=0, note=38, velocity=0, time=120),
    Message('note_on', channel=0, note=38, velocity=96, time=0),
    Message('note_on', channel=0, note=38, velocity=0, time=120),
    Message('note_on', channel=0, note=38, velocity=100, time=0),
    Message('note_on', channel=0, note=38, velocity=0, time=120),
    Message('note_on', channel=0, note=38, velocity=96, time=0),
    Message('note_on', channel=0, note=38, velocity=0, time=120),
    Message('note_on', channel=0, note=38, velocity=100, time=0),
    Message('note_on', channel=0, note=38, velocity=0, time=120),
    Message('note_on', channel=0, note=38, velocity=96, time=0),
    Message('note_on', channel=0, note=38, velocity=0, time=120),
    Message('note_on', channel=0, note=39, velocity=100, time=0),
    Message('note_on', channel=0, note=39, velocity=0, time=120),
    Message('note_on', channel=0, note=39, velocity=100, time=0),
    Message('note_on', channel=0, note=39, velocity=0, time=120),
    Message('note_on', channel=0, note=39, velocity=96, time=0),
    Message('note_on', channel=0, note=39, velocity=0, time=120)])
])
MidiFile(type=1, ticks_per_beat=480, tracks=[
  MidiTrack([
    MetaMessage('set_tempo', tempo=500000, time=0),
    MetaMessage('time_signature', numerator=4, denominator=4, clocks_per_click=24, notated_32nd_notes_per_beat=8, time=0)]),
  MidiTrack([
    MetaMessage('track_name', name='bass', time=0),
    Message('program_change', channel=0, program=32, time=0),
    Message('note_on', channel=0, note=33, velocity=104, time=0),
    Message('note_on', channel=0, note=33, velocity=0, time=120),
    Message('note_on', channel=0, note=33, velocity=96, time=0),
    Message('note_on', channel=0, note=33, velocity=0, time=60),
    Message('note_on', channel=0, note=33, velocity=104, time=60),
    Message('note_on', channel=0, note=33, velocity=0, time=120),
    Message('note_on', channel=0, note=33, velocity=68, time=0),
    Message('note_on', channel=0, note=33, velocity=0, time=120),
    Message('note_on', channel=0, note=34, velocity=96, time=0),
    Message('note_on', channel=0, note=34, velocity=0, time=120),
    Message('note_on', channel=0, note=34, velocity=96, time=0),
    Message('note_on', channel=0, note=34, velocity=0, time=120),
    Message('note_on', channel=0, note=34, velocity=104, time=0),
    Message('note_on', channel=0, note=34, velocity=0, time=120),
    Message('note_on', channel=0, note=34, velocity=88, time=0),
    Message('note_on', channel=0, note=34, velocity=0, time=120),
    Message('note_on', channel=0, note=34, velocity=104, time=0),
    Message('note_on', channel=0, note=34, velocity=0, time=120),
    Message('note_on', channel=0, note=34, velocity=88, time=0),
    Message('note_on', channel=0, note=34, velocity=0, time=120),
    Message('note_on', channel=0, note=34, velocity=96, time=0),
    Message('note_on', channel=0, note=34, velocity=0, time=60),
    Message('note_on', channel=0, note=34, velocity=84, time=60),
    Message('note_on', channel=0, note=34, velocity=0, time=120),
    Message('note_on', channel=0, note=34, velocity=104, time=0),
    Message('note_on', channel=0, note=34, velocity=0, time=120),
    Message('note_on', channel=0, note=36, velocity=88, time=0),
    Message('note_on', channel=0, note=36, velocity=0, time=120),
    Message('note_on', channel=0, note=36, velocity=104, time=0),
    Message('note_on', channel=0, note=36, velocity=0, time=240)])
])
MidiFile(type=1, ticks_per_beat=480, tracks=[
  MidiTrack([
    MetaMessage('set_tempo', tempo=500000, time=0),
    MetaMessage('time_signature', numerator=4, denominator=4, clocks_per_click=24, notated_32nd_notes_per_beat=8, time=0)]),
  MidiTrack([
    MetaMessage('track_name', name='bass', time=0),
    Message('program_change', channel=0, program=32, time=0),
    Message('note_on', channel=0, note=34, velocity=92, time=0),
    Message('note_on', channel=0, note=34, velocity=0, time=180),
    Message('note_on', channel=0, note=34, velocity=88, time=60),
    Message('note_on', channel=0, note=34, velocity=0, time=120),
    Message('note_on', channel=0, note=34, velocity=84, time=0),
    Message('note_on', channel=0, note=34, velocity=0, time=120),
    Message('note_on', channel=0, note=34, velocity=92, time=0),
    Message('note_on', channel=0, note=34, velocity=0, time=180),
    Message('note_on', channel=0, note=34, velocity=92, time=60),
    Message('note_on', channel=0, note=34, velocity=0, time=120),
    Message('note_on', channel=0, note=34, velocity=84, time=0),
    Message('note_on', channel=0, note=34, velocity=0, time=120),
    Message('note_on', channel=0, note=34, velocity=92, time=0),
    Message('note_on', channel=0, note=34, velocity=0, time=180),
    Message('note_on', channel=0, note=34, velocity=84, time=60),
    Message('note_on', channel=0, note=34, velocity=0, time=120),
    Message('note_on', channel=0, note=34, velocity=84, time=0),
    Message('note_on', channel=0, note=34, velocity=0, time=120),
    Message('note_on', channel=0, note=34, velocity=92, time=0),
    Message('note_on', channel=0, note=34, velocity=0, time=180),
    Message('note_on', channel=0, note=34, velocity=92, time=60),
    Message('note_on', channel=0, note=34, velocity=0, time=120),
    Message('note_on', channel=0, note=34, velocity=76, time=0),
    Message('note_on', channel=0, note=34, velocity=0, time=60)])
])
MidiFile(type=1, ticks_per_beat=480, tracks=[
  MidiTrack([
    MetaMessage('set_tempo', tempo=500000, time=0),
    MetaMessage('time_signature', numerator=4, denominator=4, clocks_per_click=24, notated_32nd_notes_per_beat=8, time=0)]),
  MidiTrack([
    MetaMessage('track_name', name='bass', time=0),
    Message('program_change', channel=0, program=32, time=0),
    Message('note_on', channel=0, note=36, velocity=88, time=0),
    Message('note_on', channel=0, note=36, velocity=0, time=120),
    Message('note_on', channel=0, note=38, velocity=84, time=0),
    Message('note_on', channel=0, note=38, velocity=0, time=120),
    Message('note_on', channel=0, note=41, velocity=100, time=0),
    Message('note_on', channel=0, note=41, velocity=0, time=120),
    Message('note_on', channel=0, note=38, velocity=84, time=0),
    Message('note_on', channel=0, note=38, velocity=0, time=120),
    Message('note_on', channel=0, note=36, velocity=92, time=0),
    Message('note_on', channel=0, note=36, velocity=0, time=120),
    Message('note_on', channel=0, note=33, velocity=84, time=0),
    Message('note_on', channel=0, note=33, velocity=0, time=120),
    Message('note_on', channel=0, note=36, velocity=92, time=0),
    Message('note_on', channel=0, note=36, velocity=0, time=120),
    Message('note_on', channel=0, note=33, velocity=84, time=0),
    Message('note_on', channel=0, note=33, velocity=0, time=120),
    Message('note_on', channel=0, note=39, velocity=96, time=0),
    Message('note_on', channel=0, note=39, velocity=0, time=120),
    Message('note_on', channel=0, note=39, velocity=84, time=0),
    Message('note_on', channel=0, note=39, velocity=0, time=120),
    Message('note_on', channel=0, note=41, velocity=92, time=0),
    Message('note_on', channel=0, note=41, velocity=0, time=120),
    Message('note_on', channel=0, note=38, velocity=88, time=0),
    Message('note_on', channel=0, note=38, velocity=0, time=120),
    Message('note_on', channel=0, note=36, velocity=92, time=0),
    Message('note_on', channel=0, note=36, velocity=0, time=120),
    Message('note_on', channel=0, note=35, velocity=92, time=0),
    Message('note_on', channel=0, note=35, velocity=0, time=120),
    Message('note_on', channel=0, note=34, velocity=92, time=0),
    Message('note_on', channel=0, note=34, velocity=0, time=240)])
])
MidiFile(type=1, ticks_per_beat=480, tracks=[
  MidiTrack([
    MetaMessage('set_tempo', tempo=500000, time=0),
    MetaMessage('time_signature', numerator=4, denominator=4, clocks_per_click=24, notated_32nd_notes_per_beat=8, time=0)]),
  MidiTrack([
    MetaMessage('track_name', name='bass', time=0),
    Message('program_change', channel=0, program=32, time=0),
    Message('note_on', channel=0, note=39, velocity=92, time=0),
    Message('note_on', channel=0, note=39, velocity=0, time=120),
    Message('note_on', channel=0, note=39, velocity=96, time=120),
    Message('note_on', channel=0, note=39, velocity=0, time=120),
    Message('note_on', channel=0, note=39, velocity=100, time=0),
    Message('note_on', channel=0, note=39, velocity=0, time=120),
    Message('note_on', channel=0, note=41, velocity=92, time=0),
    Message('note_on', channel=0, note=41, velocity=0, time=120),
    Message('note_on', channel=0, note=39, velocity=92, time=0),
    Message('note_on', channel=0, note=39, velocity=0, time=120),
    Message('note_on', channel=0, note=41, velocity=88, time=0),
    Message('note_on', channel=0, note=41, velocity=0, time=120),
    Message('note_on', channel=0, note=39, velocity=88, time=0),
    Message('note_on', channel=0, note=39, velocity=0, time=120),
    Message('note_on', channel=0, note=39, velocity=96, time=0),
    Message('note_on', channel=0, note=39, velocity=0, time=120),
    Message('note_on', channel=0, note=39, velocity=100, time=0),
    Message('note_on', channel=0, note=39, velocity=0, time=120),
    Message('note_on', channel=0, note=39, velocity=104, time=0),
    Message('note_on', channel=0, note=39, velocity=0, time=120),
    Message('note_on', channel=0, note=39, velocity=100, time=0),
    Message('note_on', channel=0, note=39, velocity=0, time=120),
    Message('note_on', channel=0, note=41, velocity=100, time=0),
    Message('note_on', channel=0, note=41, velocity=0, time=120),
    Message('note_on', channel=0, note=39, velocity=88, time=0),
    Message('note_on', channel=0, note=39, velocity=0, time=120),
    Message('note_on', channel=0, note=41, velocity=104, time=0),
    Message('note_on', channel=0, note=41, velocity=0, time=120),
    Message('note_on', channel=0, note=39, velocity=108, time=0),
    Message('note_on', channel=0, note=39, velocity=0, time=120)])
])
MidiFile(type=1, ticks_per_beat=480, tracks=[
  MidiTrack([
    MetaMessage('set_tempo', tempo=500000, time=0),
    MetaMessage('time_signature', numerator=4, denominator=4, clocks_per_click=24, notated_32nd_notes_per_beat=8, time=0)]),
  MidiTrack([
    MetaMessage('track_name', name='bass', time=0),
    Message('program_change', channel=0, program=32, time=0),
    Message('note_on', channel=0, note=36, velocity=96, time=0),
    Message('note_on', channel=0, note=36, velocity=0, time=180),
    Message('note_on', channel=0, note=36, velocity=96, time=60),
    Message('note_on', channel=0, note=36, velocity=0, time=180),
    Message('note_on', channel=0, note=36, velocity=100, time=60),
    Message('note_on', channel=0, note=36, velocity=0, time=180),
    Message('note_on', channel=0, note=36, velocity=92, time=60),
    Message('note_on', channel=0, note=36, velocity=0, time=180),
    Message('note_on', channel=0, note=36, velocity=100, time=60),
    Message('note_on', channel=0, note=36, velocity=0, time=180),
    Message('note_on', channel=0, note=36, velocity=92, time=60),
    Message('note_on', channel=0, note=36, velocity=0, time=180),
    Message('note_on', channel=0, note=36, velocity=104, time=60),
    Message('note_on', channel=0, note=36, velocity=0, time=180),
    Message('note_on', channel=0, note=36, velocity=92, time=60),
    Message('note_on', channel=0, note=36, velocity=0, time=180)])
])
MidiFile(type=1, ticks_per_beat=480, tracks=[
  MidiTrack([
    MetaMessage('set_tempo', tempo=500000, time=0),
    MetaMessage('time_signature', numerator=4, denominator=4, clocks_per_click=24, notated_32nd_notes_per_beat=8, time=0)]),
  MidiTrack([
    MetaMessage('track_name', name='bass', time=0),
    Message('program_change', channel=0, program=32, time=0),
    Message('note_on', channel=0, note=34, velocity=92, time=0),
    Message('note_on', channel=0, note=34, velocity=0, time=240),
    Message('note_on', channel=0, note=34, velocity=92, time=0),
    Message('note_on', channel=0, note=34, velocity=0, time=240),
    Message('note_on', channel=0, note=34, velocity=92, time=0),
    Message('note_on', channel=0, note=34, velocity=0, time=240),
    Message('note_on', channel=0, note=34, velocity=92, time=0),
    Message('note_on', channel=0, note=34, velocity=0, time=240),
    Message('note_on', channel=0, note=34, velocity=92, time=0),
    Message('note_on', channel=0, note=34, velocity=0, time=240),
    Message('note_on', channel=0, note=34, velocity=92, time=0),
    Message('note_on', channel=0, note=34, velocity=0, time=240),
    Message('note_on', channel=0, note=34, velocity=92, time=0),
    Message('note_on', channel=0, note=34, velocity=0, time=240),
    Message('note_on', channel=0, note=34, velocity=92, time=0),
    Message('note_on', channel=0, note=38, velocity=96, time=0),
    Message('note_on', channel=0, note=35, velocity=108, time=0),
    Message('note_on', channel=0, note=34, velocity=0, time=240),
    Message('note_on', channel=0, note=38, velocity=0, time=0),
    Message('note_on', channel=0, note=35, velocity=0, time=0)])
])
MidiFile(type=1, ticks_per_beat=480, tracks=[
  MidiTrack([
    MetaMessage('set_tempo', tempo=500000, time=0),
    MetaMessage('time_signature', numerator=4, denominator=4, clocks_per_click=24, notated_32nd_notes_per_beat=8, time=0)]),
  MidiTrack([
    MetaMessage('track_name', name='bass', time=0),
    Message('program_change', channel=0, program=32, time=0),
    Message('note_on', channel=0, note=31, velocity=92, time=0),
    Message('note_on', channel=0, note=31, velocity=0, time=120),
    Message('note_on', channel=0, note=31, velocity=80, time=120),
    Message('note_on', channel=0, note=31, velocity=0, time=120),
    Message('note_on', channel=0, note=43, velocity=100, time=120),
    Message('note_on', channel=0, note=43, velocity=0, time=180),
    Message('note_on', channel=0, note=31, velocity=84, time=60),
    Message('note_on', channel=0, note=31, velocity=0, time=120),
    Message('note_on', channel=0, note=31, velocity=92, time=120),
    Message('note_on', channel=0, note=31, velocity=0, time=180),
    Message('note_on', channel=0, note=31, velocity=92, time=60),
    Message('note_on', channel=0, note=31, velocity=0, time=120),
    Message('note_on', channel=0, note=43, velocity=100, time=120),
    Message('note_on', channel=0, note=43, velocity=0, time=180),
    Message('note_on', channel=0, note=31, velocity=92, time=60),
    Message('note_on', channel=0, note=31, velocity=0, time=180)])
])
MidiFile(type=1, ticks_per_beat=480, tracks=[
  MidiTrack([
    MetaMessage('set_tempo', tempo=500000, time=0),
    MetaMessage('time_signature', numerator=4, denominator=4, clocks_per_click=24, notated_32nd_notes_per_beat=8, time=0)]),
  MidiTrack([
    MetaMessage('track_name', name='bass', time=0),
    Message('program_change', channel=0, program=32, time=0),
    Message('note_on', channel=0, note=42, velocity=100, time=0),
    Message('note_on', channel=0, note=42, velocity=0, time=180),
    Message('note_on', channel=0, note=42, velocity=76, time=60),
    Message('note_on', channel=0, note=42, velocity=0, time=120),
    Message('note_on', channel=0, note=42, velocity=76, time=0),
    Message('note_on', channel=0, note=42, velocity=0, time=120),
    Message('note_on', channel=0, note=42, velocity=96, time=0),
    Message('note_on', channel=0, note=42, velocity=0, time=180),
    Message('note_on', channel=0, note=42, velocity=76, time=60),
    Message('note_on', channel=0, note=42, velocity=0, time=120),
    Message('note_on', channel=0, note=42, velocity=92, time=0),
    Message('note_on', channel=0, note=42, velocity=0, time=120),
    Message('note_on', channel=0, note=39, velocity=100, time=0),
    Message('note_on', channel=0, note=39, velocity=0, time=180),
    Message('note_on', channel=0, note=39, velocity=92, time=60),
    Message('note_on', channel=0, note=39, velocity=0, time=180),
    Message('note_on', channel=0, note=39, velocity=96, time=60),
    Message('note_on', channel=0, note=39, velocity=0, time=180),
    Message('note_on', channel=0, note=39, velocity=96, time=60),
    Message('note_on', channel=0, note=39, velocity=0, time=180)])
])
MidiFile(type=1, ticks_per_beat=480, tracks=[
  MidiTrack([
    MetaMessage('set_tempo', tempo=500000, time=0),
    MetaMessage('time_signature', numerator=4, denominator=4, clocks_per_click=24, notated_32nd_notes_per_beat=8, time=0)]),
  MidiTrack([
    MetaMessage('track_name', name='bass', time=0),
    Message('program_change', channel=0, program=32, time=0),
    Message('note_on', channel=0, note=36, velocity=104, time=0),
    Message('note_on', channel=0, note=36, velocity=0, time=120),
    Message('note_on', channel=0, note=36, velocity=104, time=0),
    Message('note_on', channel=0, note=36, velocity=0, time=120),
    Message('note_on', channel=0, note=39, velocity=104, time=0),
    Message('note_on', channel=0, note=39, velocity=0, time=120),
    Message('note_on', channel=0, note=39, velocity=104, time=0),
    Message('note_on', channel=0, note=39, velocity=0, time=120),
    Message('note_on', channel=0, note=43, velocity=104, time=0),
    Message('note_on', channel=0, note=43, velocity=0, time=120),
    Message('note_on', channel=0, note=43, velocity=112, time=0),
    Message('note_on', channel=0, note=43, velocity=0, time=120),
    Message('note_on', channel=0, note=39, velocity=104, time=0),
    Message('note_on', channel=0, note=39, velocity=0, time=120),
    Message('note_on', channel=0, note=39, velocity=104, time=0),
    Message('note_on', channel=0, note=39, velocity=0, time=120),
    Message('note_on', channel=0, note=34, velocity=104, time=0),
    Message('note_on', channel=0, note=34, velocity=0, time=120),
    Message('note_on', channel=0, note=34, velocity=104, time=0),
    Message('note_on', channel=0, note=34, velocity=0, time=120),
    Message('note_on', channel=0, note=34, velocity=104, time=0),
    Message('note_on', channel=0, note=34, velocity=0, time=120),
    Message('note_on', channel=0, note=34, velocity=104, time=0),
    Message('note_on', channel=0, note=34, velocity=0, time=120),
    Message('note_on', channel=0, note=34, velocity=104, time=0),
    Message('note_on', channel=0, note=34, velocity=0, time=120),
    Message('note_on', channel=0, note=34, velocity=104, time=0),
    Message('note_on', channel=0, note=34, velocity=0, time=120),
    Message('note_on', channel=0, note=34, velocity=104, time=0),
    Message('note_on', channel=0, note=34, velocity=0, time=120)])
])
MidiFile(type=1, ticks_per_beat=480, tracks=[
  MidiTrack([
    MetaMessage('set_tempo', tempo=500000, time=0),
    MetaMessage('time_signature', numerator=4, denominator=4, clocks_per_click=24, notated_32nd_notes_per_beat=8, time=0)]),
  MidiTrack([
    MetaMessage('track_name', name='bass', time=0),
    Message('program_change', channel=0, program=32, time=0),
    Message('note_on', channel=0, note=39, velocity=92, time=0),
    Message('note_on', channel=0, note=39, velocity=0, time=180),
    Message('note_on', channel=0, note=39, velocity=88, time=60),
    Message('note_on', channel=0, note=39, velocity=0, time=120),
    Message('note_on', channel=0, note=39, velocity=96, time=120),
    Message('note_on', channel=0, note=39, velocity=0, time=180),
    Message('note_on', channel=0, note=39, velocity=92, time=60),
    Message('note_on', channel=0, note=39, velocity=0, time=180),
    Message('note_on', channel=0, note=36, velocity=92, time=60),
    Message('note_on', channel=0, note=36, velocity=0, time=180),
    Message('note_on', channel=0, note=36, velocity=92, time=60),
    Message('note_on', channel=0, note=36, velocity=0, time=180),
    Message('note_on', channel=0, note=37, velocity=92, time=60),
    Message('note_on', channel=0, note=37, velocity=0, time=180),
    Message('note_on', channel=0, note=37, velocity=88, time=60),
    Message('note_on', channel=0, note=43, velocity=108, time=0),
    Message('note_on', channel=0, note=37, velocity=0, time=180),
    Message('note_on', channel=0, note=43, velocity=0, time=60)])
])
MidiFile(type=1, ticks_per_beat=480, tracks=[
  MidiTrack([
    MetaMessage('set_tempo', tempo=500000, time=0),
    MetaMessage('time_signature', numerator=4, denominator=4, clocks_per_click=24, notated_32nd_notes_per_beat=8, time=0)]),
  MidiTrack([
    MetaMessage('track_name', name='bass', time=0),
    Message('program_change', channel=0, program=32, time=0),
    Message('note_on', channel=0, note=36, velocity=120, time=0),
    Message('note_on', channel=0, note=36, velocity=0, time=120),
    Message('note_on', channel=0, note=36, velocity=112, time=120),
    Message('note_on', channel=0, note=36, velocity=0, time=120),
    Message('note_on', channel=0, note=36, velocity=116, time=120),
    Message('note_on', channel=0, note=36, velocity=0, time=120),
    Message('note_on', channel=0, note=36, velocity=112, time=120),
    Message('note_on', channel=0, note=36, velocity=0, time=120),
    Message('note_on', channel=0, note=36, velocity=116, time=120),
    Message('note_on', channel=0, note=36, velocity=0, time=120),
    Message('note_on', channel=0, note=36, velocity=108, time=120),
    Message('note_on', channel=0, note=36, velocity=0, time=120),
    Message('note_on', channel=0, note=39, velocity=120, time=120),
    Message('note_on', channel=0, note=39, velocity=0, time=120),
    Message('note_on', channel=0, note=39, velocity=112, time=120),
    Message('note_on', channel=0, note=39, velocity=0, time=180)])
])
MidiFile(type=1, ticks_per_beat=480, tracks=[
  MidiTrack([
    MetaMessage('set_tempo', tempo=500000, time=0),
    MetaMessage('time_signature', numerator=4, denominator=4, clocks_per_click=24, notated_32nd_notes_per_beat=8, time=0)]),
  MidiTrack([
    MetaMessage('track_name', name='bass', time=0),
    Message('program_change', channel=0, program=32, time=0),
    Message('note_on', channel=0, note=34, velocity=96, time=0),
    Message('note_on', channel=0, note=34, velocity=0, time=120),
    Message('note_on', channel=0, note=34, velocity=84, time=120),
    Message('note_on', channel=0, note=34, velocity=0, time=120),
    Message('note_on', channel=0, note=34, velocity=88, time=120),
    Message('note_on', channel=0, note=34, velocity=0, time=120),
    Message('note_on', channel=0, note=34, velocity=92, time=120),
    Message('note_on', channel=0, note=34, velocity=0, time=120),
    Message('note_on', channel=0, note=34, velocity=100, time=120),
    Message('note_on', channel=0, note=34, velocity=0, time=120),
    Message('note_on', channel=0, note=34, velocity=104, time=120),
    Message('note_on', channel=0, note=34, velocity=0, time=120),
    Message('note_on', channel=0, note=34, velocity=88, time=120),
    Message('note_on', channel=0, note=34, velocity=0, time=120),
    Message('note_on', channel=0, note=34, velocity=96, time=120),
    Message('note_on', channel=0, note=31, velocity=108, time=0),
    Message('note_on', channel=0, note=34, velocity=0, time=120),
    Message('note_on', channel=0, note=31, velocity=0, time=0),
    Message('note_on', channel=0, note=42, velocity=112, time=0),
    Message('note_on', channel=0, note=42, velocity=0, time=60)])
])
MidiFile(type=1, ticks_per_beat=480, tracks=[
  MidiTrack([
    MetaMessage('set_tempo', tempo=500000, time=0),
    MetaMessage('time_signature', numerator=4, denominator=4, clocks_per_click=24, notated_32nd_notes_per_beat=8, time=0)]),
  MidiTrack([
    MetaMessage('track_name', name='bass', time=0),
    Message('program_change', channel=0, program=32, time=0),
    Message('note_on', channel=0, note=36, velocity=108, time=0),
    Message('note_on', channel=0, note=36, velocity=0, time=180),
    Message('note_on', channel=0, note=36, velocity=100, time=60),
    Message('note_on', channel=0, note=36, velocity=0, time=60),
    Message('note_on', channel=0, note=36, velocity=100, time=60),
    Message('note_on', channel=0, note=36, velocity=0, time=60),
    Message('note_on', channel=0, note=36, velocity=108, time=60),
    Message('note_on', channel=0, note=36, velocity=0, time=180),
    Message('note_on', channel=0, note=36, velocity=96, time=60),
    Message('note_on', channel=0, note=36, velocity=0, time=60),
    Message('note_on', channel=0, note=36, velocity=104, time=60),
    Message('note_on', channel=0, note=36, velocity=0, time=60),
    Message('note_on', channel=0, note=37, velocity=108, time=60),
    Message('note_on', channel=0, note=37, velocity=0, time=180),
    Message('note_on', channel=0, note=37, velocity=92, time=60),
    Message('note_on', channel=0, note=37, velocity=0, time=60),
    Message('note_on', channel=0, note=37, velocity=100, time=60),
    Message('note_on', channel=0, note=37, velocity=0, time=60),
    Message('note_on', channel=0, note=39, velocity=108, time=60),
    Message('note_on', channel=0, note=39, velocity=0, time=180),
    Message('note_on', channel=0, note=39, velocity=92, time=60),
    Message('note_on', channel=0, note=39, velocity=0, time=60),
    Message('note_on', channel=0, note=39, velocity=104, time=60),
    Message('note_on', channel=0, note=39, velocity=0, time=60)])
])
MidiFile(type=1, ticks_per_beat=480, tracks=[
  MidiTrack([
    MetaMessage('set_tempo', tempo=500000, time=0),
    MetaMessage('time_signature', numerator=4, denominator=4, clocks_per_click=24, notated_32nd_notes_per_beat=8, time=0)]),
  MidiTrack([
    MetaMessage('track_name', name='bass', time=0),
    Message('program_change', channel=0, program=32, time=0),
    Message('note_on', channel=0, note=34, velocity=92, time=0),
    Message('note_on', channel=0, note=34, velocity=0, time=120),
    Message('note_on', channel=0, note=34, velocity=92, time=120),
    Message('note_on', channel=0, note=34, velocity=0, time=120),
    Message('note_on', channel=0, note=34, velocity=92, time=120),
    Message('note_on', channel=0, note=34, velocity=0, time=120),
    Message('note_on', channel=0, note=34, velocity=92, time=120),
    Message('note_on', channel=0, note=34, velocity=0, time=120),
    Message('note_on', channel=0, note=34, velocity=92, time=120),
    Message('note_on', channel=0, note=34, velocity=0, time=120),
    Message('note_on', channel=0, note=34, velocity=92, time=120),
    Message('note_on', channel=0, note=34, velocity=0, time=120),
    Message('note_on', channel=0, note=34, velocity=92, time=120),
    Message('note_on', channel=0, note=34, velocity=0, time=120),
    Message('note_on', channel=0, note=34, velocity=92, time=120),
    Message('note_on', channel=0, note=34, velocity=0, time=120),
    Message('note_on', channel=0, note=34, velocity=60, time=0),
    Message('note_on', channel=0, note=34, velocity=0, time=60)])
])
MidiFile(type=1, ticks_per_beat=480, tracks=[
  MidiTrack([
    MetaMessage('set_tempo', tempo=500000, time=0),
    MetaMessage('time_signature', numerator=4, denominator=4, clocks_per_click=24, notated_32nd_notes_per_beat=8, time=0)]),
  MidiTrack([
    MetaMessage('track_name', name='bass', time=0),
    Message('program_change', channel=0, program=32, time=0),
    Message('note_on', channel=0, note=31, velocity=92, time=0),
    Message('note_on', channel=0, note=31, velocity=0, time=120),
    Message('note_on', channel=0, note=31, velocity=80, time=120),
    Message('note_on', channel=0, note=31, velocity=0, time=120),
    Message('note_on', channel=0, note=43, velocity=100, time=120),
    Message('note_on', channel=0, note=43, velocity=92, time=0),
    Message('note_on', channel=0, note=43, velocity=0, time=120),
    Message('note_on', channel=0, note=43, velocity=0, time=60),
    Message('note_on', channel=0, note=43, velocity=104, time=60),
    Message('note_on', channel=0, note=43, velocity=0, time=120),
    Message('note_on', channel=0, note=31, velocity=92, time=120),
    Message('note_on', channel=0, note=31, velocity=0, time=120),
    Message('note_on', channel=0, note=31, velocity=92, time=120),
    Message('note_on', channel=0, note=31, velocity=0, time=120),
    Message('note_on', channel=0, note=43, velocity=104, time=120),
    Message('note_on', channel=0, note=43, velocity=0, time=120),
    Message('note_on', channel=0, note=43, velocity=92, time=120),
    Message('note_on', channel=0, note=38, velocity=108, time=0),
    Message('note_on', channel=0, note=43, velocity=0, time=180),
    Message('note_on', channel=0, note=38, velocity=0, time=0)])
])
MidiFile(type=1, ticks_per_beat=480, tracks=[
  MidiTrack([
    MetaMessage('set_tempo', tempo=500000, time=0),
    MetaMessage('time_signature', numerator=4, denominator=4, clocks_per_click=24, notated_32nd_notes_per_beat=8, time=0)]),
  MidiTrack([
    MetaMessage('track_name', name='bass', time=0),
    Message('program_change', channel=0, program=32, time=0),
    Message('note_on', channel=0, note=32, velocity=92, time=0),
    Message('note_on', channel=0, note=32, velocity=0, time=120),
    Message('note_on', channel=0, note=32, velocity=92, time=120),
    Message('note_on', channel=0, note=32, velocity=0, time=120),
    Message('note_on', channel=0, note=32, velocity=100, time=120),
    Message('note_on', channel=0, note=32, velocity=0, time=120),
    Message('note_on', channel=0, note=32, velocity=92, time=120),
    Message('note_on', channel=0, note=32, velocity=0, time=120),
    Message('note_on', channel=0, note=32, velocity=88, time=120),
    Message('note_on', channel=0, note=32, velocity=0, time=120),
    Message('note_on', channel=0, note=32, velocity=88, time=120),
    Message('note_on', channel=0, note=32, velocity=0, time=120),
    Message('note_on', channel=0, note=39, velocity=88, time=120),
    Message('note_on', channel=0, note=39, velocity=0, time=120),
    Message('note_on', channel=0, note=39, velocity=96, time=120),
    Message('note_on', channel=0, note=39, velocity=0, time=240)])
])
MidiFile(type=1, ticks_per_beat=480, tracks=[
  MidiTrack([
    MetaMessage('set_tempo', tempo=500000, time=0),
    MetaMessage('time_signature', numerator=4, denominator=4, clocks_per_click=24, notated_32nd_notes_per_beat=8, time=0)]),
  MidiTrack([
    MetaMessage('track_name', name='bass', time=0),
    Message('program_change', channel=0, program=32, time=0),
    Message('note_on', channel=0, note=36, velocity=104, time=0),
    Message('note_on', channel=0, note=36, velocity=0, time=120),
    Message('note_on', channel=0, note=36, velocity=104, time=0),
    Message('note_on', channel=0, note=36, velocity=0, time=120),
    Message('note_on', channel=0, note=36, velocity=104, time=0),
    Message('note_on', channel=0, note=36, velocity=0, time=120),
    Message('note_on', channel=0, note=36, velocity=104, time=0),
    Message('note_on', channel=0, note=36, velocity=0, time=120),
    Message('note_on', channel=0, note=39, velocity=104, time=0),
    Message('note_on', channel=0, note=39, velocity=0, time=120),
    Message('note_on', channel=0, note=36, velocity=104, time=0),
    Message('note_on', channel=0, note=36, velocity=0, time=120),
    Message('note_on', channel=0, note=39, velocity=104, time=0),
    Message('note_on', channel=0, note=39, velocity=0, time=120),
    Message('note_on', channel=0, note=43, velocity=104, time=0),
    Message('note_on', channel=0, note=43, velocity=0, time=120),
    Message('note_on', channel=0, note=41, velocity=104, time=0),
    Message('note_on', channel=0, note=41, velocity=0, time=120),
    Message('note_on', channel=0, note=41, velocity=104, time=0),
    Message('note_on', channel=0, note=41, velocity=0, time=120),
    Message('note_on', channel=0, note=41, velocity=104, time=0),
    Message('note_on', channel=0, note=41, velocity=0, time=120),
    Message('note_on', channel=0, note=41, velocity=104, time=0),
    Message('note_on', channel=0, note=41, velocity=0, time=120),
    Message('note_on', channel=0, note=39, velocity=104, time=0),
    Message('note_on', channel=0, note=39, velocity=0, time=120),
    Message('note_on', channel=0, note=39, velocity=104, time=0),
    Message('note_on', channel=0, note=39, velocity=0, time=120),
    Message('note_on', channel=0, note=35, velocity=104, time=0),
    Message('note_on', channel=0, note=35, velocity=0, time=120)])
])
